15:50:29 **** Build of project axis_sm_bsp ****
make -k all 
"Running Make include in ps7_cortexa9_0/libsrc/axidma_v9_5/src"
make -C ps7_cortexa9_0/libsrc/axidma_v9_5/src -s include  "SHELL=CMD" "COMPILER=arm-none-eabi-gcc" "ARCHIVER=arm-none-eabi-ar" "COMPILER_FLAGS=  -O2 -c" "EXTRA_COMPILER_FLAGS=-mcpu=cortex-a9 -mfpu=vfpv3 -mfloat-abi=hard -nostartfiles -Wall -Wextra"
"Running Make include in ps7_cortexa9_0/libsrc/coresightps_dcc_v1_4/src"
make -C ps7_cortexa9_0/libsrc/coresightps_dcc_v1_4/src -s include  "SHELL=CMD" "COMPILER=arm-none-eabi-gcc" "ARCHIVER=arm-none-eabi-ar" "COMPILER_FLAGS=  -O2 -c" "EXTRA_COMPILER_FLAGS=-mcpu=cortex-a9 -mfpu=vfpv3 -mfloat-abi=hard -nostartfiles -Wall -Wextra"
"Running Make include in ps7_cortexa9_0/libsrc/cpu_cortexa9_v2_5/src"
make -C ps7_cortexa9_0/libsrc/cpu_cortexa9_v2_5/src -s include  "SHELL=CMD" "COMPILER=arm-none-eabi-gcc" "ARCHIVER=arm-none-eabi-ar" "COMPILER_FLAGS=  -O2 -c" "EXTRA_COMPILER_FLAGS=-mcpu=cortex-a9 -mfpu=vfpv3 -mfloat-abi=hard -nostartfiles -Wall -Wextra"
"Running Make include in ps7_cortexa9_0/libsrc/ddrps_v1_0/src"
make -C ps7_cortexa9_0/libsrc/ddrps_v1_0/src -s include  "SHELL=CMD" "COMPILER=arm-none-eabi-gcc" "ARCHIVER=arm-none-eabi-ar" "COMPILER_FLAGS=  -O2 -c" "EXTRA_COMPILER_FLAGS=-mcpu=cortex-a9 -mfpu=vfpv3 -mfloat-abi=hard -nostartfiles -Wall -Wextra"
"Running Make include in ps7_cortexa9_0/libsrc/devcfg_v3_5/src"
make -C ps7_cortexa9_0/libsrc/devcfg_v3_5/src -s include  "SHELL=CMD" "COMPILER=arm-none-eabi-gcc" "ARCHIVER=arm-none-eabi-ar" "COMPILER_FLAGS=  -O2 -c" "EXTRA_COMPILER_FLAGS=-mcpu=cortex-a9 -mfpu=vfpv3 -mfloat-abi=hard -nostartfiles -Wall -Wextra"
"Running Make include in ps7_cortexa9_0/libsrc/dmaps_v2_3/src"
make -C ps7_cortexa9_0/libsrc/dmaps_v2_3/src -s include  "SHELL=CMD" "COMPILER=arm-none-eabi-gcc" "ARCHIVER=arm-none-eabi-ar" "COMPILER_FLAGS=  -O2 -c" "EXTRA_COMPILER_FLAGS=-mcpu=cortex-a9 -mfpu=vfpv3 -mfloat-abi=hard -nostartfiles -Wall -Wextra"
"Running Make include in ps7_cortexa9_0/libsrc/emacps_v3_6/src"
make -C ps7_cortexa9_0/libsrc/emacps_v3_6/src -s include  "SHELL=CMD" "COMPILER=arm-none-eabi-gcc" "ARCHIVER=arm-none-eabi-ar" "COMPILER_FLAGS=  -O2 -c" "EXTRA_COMPILER_FLAGS=-mcpu=cortex-a9 -mfpu=vfpv3 -mfloat-abi=hard -nostartfiles -Wall -Wextra"
"Running Make include in ps7_cortexa9_0/libsrc/scugic_v3_8/src"
make -C ps7_cortexa9_0/libsrc/scugic_v3_8/src -s include  "SHELL=CMD" "COMPILER=arm-none-eabi-gcc" "ARCHIVER=arm-none-eabi-ar" "COMPILER_FLAGS=  -O2 -c" "EXTRA_COMPILER_FLAGS=-mcpu=cortex-a9 -mfpu=vfpv3 -mfloat-abi=hard -nostartfiles -Wall -Wextra"
"Running Make include in ps7_cortexa9_0/libsrc/scutimer_v2_1/src"
make -C ps7_cortexa9_0/libsrc/scutimer_v2_1/src -s include  "SHELL=CMD" "COMPILER=arm-none-eabi-gcc" "ARCHIVER=arm-none-eabi-ar" "COMPILER_FLAGS=  -O2 -c" "EXTRA_COMPILER_FLAGS=-mcpu=cortex-a9 -mfpu=vfpv3 -mfloat-abi=hard -nostartfiles -Wall -Wextra"
"Running Make include in ps7_cortexa9_0/libsrc/scuwdt_v2_1/src"
make -C ps7_cortexa9_0/libsrc/scuwdt_v2_1/src -s include  "SHELL=CMD" "COMPILER=arm-none-eabi-gcc" "ARCHIVER=arm-none-eabi-ar" "COMPILER_FLAGS=  -O2 -c" "EXTRA_COMPILER_FLAGS=-mcpu=cortex-a9 -mfpu=vfpv3 -mfloat-abi=hard -nostartfiles -Wall -Wextra"
"Running Make include in ps7_cortexa9_0/libsrc/standalone_v6_5/src"
make -C ps7_cortexa9_0/libsrc/standalone_v6_5/src -s include  "SHELL=CMD" "COMPILER=arm-none-eabi-gcc" "ARCHIVER=arm-none-eabi-ar" "COMPILER_FLAGS=  -O2 -c" "EXTRA_COMPILER_FLAGS=-mcpu=cortex-a9 -mfpu=vfpv3 -mfloat-abi=hard -nostartfiles -Wall -Wextra"
"Running Make include in ps7_cortexa9_0/libsrc/uartps_v3_5/src"
make -C ps7_cortexa9_0/libsrc/uartps_v3_5/src -s include  "SHELL=CMD" "COMPILER=arm-none-eabi-gcc" "ARCHIVER=arm-none-eabi-ar" "COMPILER_FLAGS=  -O2 -c" "EXTRA_COMPILER_FLAGS=-mcpu=cortex-a9 -mfpu=vfpv3 -mfloat-abi=hard -nostartfiles -Wall -Wextra"
"Running Make include in ps7_cortexa9_0/libsrc/xadcps_v2_2/src"
make -C ps7_cortexa9_0/libsrc/xadcps_v2_2/src -s include  "SHELL=CMD" "COMPILER=arm-none-eabi-gcc" "ARCHIVER=arm-none-eabi-ar" "COMPILER_FLAGS=  -O2 -c" "EXTRA_COMPILER_FLAGS=-mcpu=cortex-a9 -mfpu=vfpv3 -mfloat-abi=hard -nostartfiles -Wall -Wextra"
"Running Make libs in ps7_cortexa9_0/libsrc/axidma_v9_5/src"
make -C ps7_cortexa9_0/libsrc/axidma_v9_5/src -s libs  "SHELL=CMD" "COMPILER=arm-none-eabi-gcc" "ARCHIVER=arm-none-eabi-ar" "COMPILER_FLAGS=  -O2 -c" "EXTRA_COMPILER_FLAGS=-mcpu=cortex-a9 -mfpu=vfpv3 -mfloat-abi=hard -nostartfiles -Wall -Wextra"
"Compiling axidma"
arm-none-eabi-ar: creating ../../../lib/libxil.a
"Running Make libs in ps7_cortexa9_0/libsrc/coresightps_dcc_v1_4/src"
make -C ps7_cortexa9_0/libsrc/coresightps_dcc_v1_4/src -s libs  "SHELL=CMD" "COMPILER=arm-none-eabi-gcc" "ARCHIVER=arm-none-eabi-ar" "COMPILER_FLAGS=  -O2 -c" "EXTRA_COMPILER_FLAGS=-mcpu=cortex-a9 -mfpu=vfpv3 -mfloat-abi=hard -nostartfiles -Wall -Wextra"
"Compiling coresightps_dcc"
"Running Make libs in ps7_cortexa9_0/libsrc/cpu_cortexa9_v2_5/src"
make -C ps7_cortexa9_0/libsrc/cpu_cortexa9_v2_5/src -s libs  "SHELL=CMD" "COMPILER=arm-none-eabi-gcc" "ARCHIVER=arm-none-eabi-ar" "COMPILER_FLAGS=  -O2 -c" "EXTRA_COMPILER_FLAGS=-mcpu=cortex-a9 -mfpu=vfpv3 -mfloat-abi=hard -nostartfiles -Wall -Wextra"
"Compiling cpu_cortexa9"
"Running Make libs in ps7_cortexa9_0/libsrc/ddrps_v1_0/src"
make -C ps7_cortexa9_0/libsrc/ddrps_v1_0/src -s libs  "SHELL=CMD" "COMPILER=arm-none-eabi-gcc" "ARCHIVER=arm-none-eabi-ar" "COMPILER_FLAGS=  -O2 -c" "EXTRA_COMPILER_FLAGS=-mcpu=cortex-a9 -mfpu=vfpv3 -mfloat-abi=hard -nostartfiles -Wall -Wextra"
"Compiling ddrps"
"Running Make libs in ps7_cortexa9_0/libsrc/devcfg_v3_5/src"
make -C ps7_cortexa9_0/libsrc/devcfg_v3_5/src -s libs  "SHELL=CMD" "COMPILER=arm-none-eabi-gcc" "ARCHIVER=arm-none-eabi-ar" "COMPILER_FLAGS=  -O2 -c" "EXTRA_COMPILER_FLAGS=-mcpu=cortex-a9 -mfpu=vfpv3 -mfloat-abi=hard -nostartfiles -Wall -Wextra"
"Compiling devcfg"
"Running Make libs in ps7_cortexa9_0/libsrc/dmaps_v2_3/src"
make -C ps7_cortexa9_0/libsrc/dmaps_v2_3/src -s libs  "SHELL=CMD" "COMPILER=arm-none-eabi-gcc" "ARCHIVER=arm-none-eabi-ar" "COMPILER_FLAGS=  -O2 -c" "EXTRA_COMPILER_FLAGS=-mcpu=cortex-a9 -mfpu=vfpv3 -mfloat-abi=hard -nostartfiles -Wall -Wextra"
"Compiling dmaps"
"Running Make libs in ps7_cortexa9_0/libsrc/emacps_v3_6/src"
make -C ps7_cortexa9_0/libsrc/emacps_v3_6/src -s libs  "SHELL=CMD" "COMPILER=arm-none-eabi-gcc" "ARCHIVER=arm-none-eabi-ar" "COMPILER_FLAGS=  -O2 -c" "EXTRA_COMPILER_FLAGS=-mcpu=cortex-a9 -mfpu=vfpv3 -mfloat-abi=hard -nostartfiles -Wall -Wextra"
"Compiling emacps"
"Running Make libs in ps7_cortexa9_0/libsrc/scugic_v3_8/src"
make -C ps7_cortexa9_0/libsrc/scugic_v3_8/src -s libs  "SHELL=CMD" "COMPILER=arm-none-eabi-gcc" "ARCHIVER=arm-none-eabi-ar" "COMPILER_FLAGS=  -O2 -c" "EXTRA_COMPILER_FLAGS=-mcpu=cortex-a9 -mfpu=vfpv3 -mfloat-abi=hard -nostartfiles -Wall -Wextra"
"Compiling scugic"
"Running Make libs in ps7_cortexa9_0/libsrc/scutimer_v2_1/src"
make -C ps7_cortexa9_0/libsrc/scutimer_v2_1/src -s libs  "SHELL=CMD" "COMPILER=arm-none-eabi-gcc" "ARCHIVER=arm-none-eabi-ar" "COMPILER_FLAGS=  -O2 -c" "EXTRA_COMPILER_FLAGS=-mcpu=cortex-a9 -mfpu=vfpv3 -mfloat-abi=hard -nostartfiles -Wall -Wextra"
"Compiling scutimer"
"Running Make libs in ps7_cortexa9_0/libsrc/scuwdt_v2_1/src"
make -C ps7_cortexa9_0/libsrc/scuwdt_v2_1/src -s libs  "SHELL=CMD" "COMPILER=arm-none-eabi-gcc" "ARCHIVER=arm-none-eabi-ar" "COMPILER_FLAGS=  -O2 -c" "EXTRA_COMPILER_FLAGS=-mcpu=cortex-a9 -mfpu=vfpv3 -mfloat-abi=hard -nostartfiles -Wall -Wextra"
"Compiling scuwdt"
"Running Make libs in ps7_cortexa9_0/libsrc/standalone_v6_5/src"
make -C ps7_cortexa9_0/libsrc/standalone_v6_5/src -s libs  "SHELL=CMD" "COMPILER=arm-none-eabi-gcc" "ARCHIVER=arm-none-eabi-ar" "COMPILER_FLAGS=  -O2 -c" "EXTRA_COMPILER_FLAGS=-mcpu=cortex-a9 -mfpu=vfpv3 -mfloat-abi=hard -nostartfiles -Wall -Wextra"
"Compiling standalone"
"Running Make libs in ps7_cortexa9_0/libsrc/uartps_v3_5/src"
make -C ps7_cortexa9_0/libsrc/uartps_v3_5/src -s libs  "SHELL=CMD" "COMPILER=arm-none-eabi-gcc" "ARCHIVER=arm-none-eabi-ar" "COMPILER_FLAGS=  -O2 -c" "EXTRA_COMPILER_FLAGS=-mcpu=cortex-a9 -mfpu=vfpv3 -mfloat-abi=hard -nostartfiles -Wall -Wextra"
"Compiling uartps"
"Running Make libs in ps7_cortexa9_0/libsrc/xadcps_v2_2/src"
make -C ps7_cortexa9_0/libsrc/xadcps_v2_2/src -s libs  "SHELL=CMD" "COMPILER=arm-none-eabi-gcc" "ARCHIVER=arm-none-eabi-ar" "COMPILER_FLAGS=  -O2 -c" "EXTRA_COMPILER_FLAGS=-mcpu=cortex-a9 -mfpu=vfpv3 -mfloat-abi=hard -nostartfiles -Wall -Wextra"
"Compiling xadcps"
'Finished building libraries'
15:50:43 **** Build of configuration Debug for project axis_sm ****
make pre-build main-build 
a9-linaro-pre-build-step
' '
'Building file: ../src/helloworld.c'
'Invoking: ARM v7 gcc compiler'
arm-none-eabi-gcc -Wall -O0 -g3 -c -fmessage-length=0 -MT"src/helloworld.o" -mcpu=cortex-a9 -mfpu=vfpv3 -mfloat-abi=hard -I../../axis_sm_bsp/ps7_cortexa9_0/include -MMD -MP -MF"src/helloworld.d" -MT"src/helloworld.o" -o "src/helloworld.o" "../src/helloworld.c"
'Finished building: ../src/helloworld.c'
' '
'Building file: ../src/platform.c'
'Invoking: ARM v7 gcc compiler'
arm-none-eabi-gcc -Wall -O0 -g3 -c -fmessage-length=0 -MT"src/platform.o" -mcpu=cortex-a9 -mfpu=vfpv3 -mfloat-abi=hard -I../../axis_sm_bsp/ps7_cortexa9_0/include -MMD -MP -MF"src/platform.d" -MT"src/platform.o" -o "src/platform.o" "../src/platform.c"
'Finished building: ../src/platform.c'
' '
'Building target: axis_sm.elf'
'Invoking: ARM v7 gcc linker'
arm-none-eabi-gcc -mcpu=cortex-a9 -mfpu=vfpv3 -mfloat-abi=hard -Wl,-build-id=none -specs=Xilinx.spec -Wl,-T -Wl,../src/lscript.ld -L../../axis_sm_bsp/ps7_cortexa9_0/lib -o "axis_sm.elf"  ./src/helloworld.o ./src/platform.o   -Wl,--start-group,-lxil,-lgcc,-lc,--end-group
'Finished building target: axis_sm.elf'
' '
'Invoking: ARM v7 Print Size'
arm-none-eabi-size axis_sm.elf  |tee "axis_sm.elf.size"
   text	   data	    bss	    dec	    hex	filename
  19384	   1148	  22568	  43100	   a85c	axis_sm.elf
'Finished building: axis_sm.elf.size'
' '
15:50:47 **** Auto Build of configuration Debug for project axis_sm ****
make pre-build main-build 
a9-linaro-pre-build-step
' '
'Building file: ../src/helloworld.c'
'Invoking: ARM v7 gcc compiler'
arm-none-eabi-gcc -Wall -O0 -g3 -c -fmessage-length=0 -MT"src/helloworld.o" -mcpu=cortex-a9 -mfpu=vfpv3 -mfloat-abi=hard -I../../axis_sm_bsp/ps7_cortexa9_0/include -MMD -MP -MF"src/helloworld.d" -MT"src/helloworld.o" -o "src/helloworld.o" "../src/helloworld.c"
'Finished building: ../src/helloworld.c'
' '
'Building target: axis_sm.elf'
'Invoking: ARM v7 gcc linker'
arm-none-eabi-gcc -mcpu=cortex-a9 -mfpu=vfpv3 -mfloat-abi=hard -Wl,-build-id=none -specs=Xilinx.spec -Wl,-T -Wl,../src/lscript.ld -L../../axis_sm_bsp/ps7_cortexa9_0/lib -o "axis_sm.elf"  ./src/helloworld.o ./src/platform.o   -Wl,--start-group,-lxil,-lgcc,-lc,--end-group
'Finished building target: axis_sm.elf'
' '
'Invoking: ARM v7 Print Size'
arm-none-eabi-size axis_sm.elf  |tee "axis_sm.elf.size"
   text	   data	    bss	    dec	    hex	filename
  19384	   1148	  22568	  43100	   a85c	axis_sm.elf
'Finished building: axis_sm.elf.size'
' '
15:52:34 **** Auto Build of configuration Debug for project axis_sm ****
make pre-build main-build 
a9-linaro-pre-build-step
' '
'Building file: ../src/helloworld.c'
'Invoking: ARM v7 gcc compiler'
arm-none-eabi-gcc -Wall -O0 -g3 -c -fmessage-length=0 -MT"src/helloworld.o" -mcpu=cortex-a9 -mfpu=vfpv3 -mfloat-abi=hard -I../../axis_sm_bsp/ps7_cortexa9_0/include -MMD -MP -MF"src/helloworld.d" -MT"src/helloworld.o" -o "src/helloworld.o" "../src/helloworld.c"
../src/helloworld.c: In function 'init':
../src/helloworld.c:59:7: error: too few arguments to function 'XAxiDma_LookupConfig'
  dC = XAxiDma_LookupConfig();
       ^~~~~~~~~~~~~~~~~~~~
In file included from ../src/helloworld.c:51:0:
../../axis_sm_bsp/ps7_cortexa9_0/include/xaxidma.h:742:17: note: declared here
 XAxiDma_Config *XAxiDma_LookupConfig(u32 DeviceId);
                 ^~~~~~~~~~~~~~~~~~~~
../src/helloworld.c: In function 'main':
../src/helloworld.c:64:6: warning: unused variable 'data' [-Wunused-variable]
  u32 data = 12;
      ^~~~
make: *** [src/helloworld.o] Error 1
15:53:07 **** Auto Build of configuration Debug for project axis_sm ****
make pre-build main-build 
a9-linaro-pre-build-step
' '
'Building file: ../src/helloworld.c'
'Invoking: ARM v7 gcc compiler'
arm-none-eabi-gcc -Wall -O0 -g3 -c -fmessage-length=0 -MT"src/helloworld.o" -mcpu=cortex-a9 -mfpu=vfpv3 -mfloat-abi=hard -I../../axis_sm_bsp/ps7_cortexa9_0/include -MMD -MP -MF"src/helloworld.d" -MT"src/helloworld.o" -o "src/helloworld.o" "../src/helloworld.c"
../src/helloworld.c: In function 'main':
../src/helloworld.c:65:6: warning: unused variable 'data' [-Wunused-variable]
  u32 data = 12;
      ^~~~
'Finished building: ../src/helloworld.c'
' '
'Building target: axis_sm.elf'
'Invoking: ARM v7 gcc linker'
arm-none-eabi-gcc -mcpu=cortex-a9 -mfpu=vfpv3 -mfloat-abi=hard -Wl,-build-id=none -specs=Xilinx.spec -Wl,-T -Wl,../src/lscript.ld -L../../axis_sm_bsp/ps7_cortexa9_0/lib -o "axis_sm.elf"  ./src/helloworld.o ./src/platform.o   -Wl,--start-group,-lxil,-lgcc,-lc,--end-group
'Finished building target: axis_sm.elf'
' '
'Invoking: ARM v7 Print Size'
arm-none-eabi-size axis_sm.elf  |tee "axis_sm.elf.size"
   text	   data	    bss	    dec	    hex	filename
  34116	   2252	  24504	  60872	   edc8	axis_sm.elf
'Finished building: axis_sm.elf.size'
' '
15:53:48 **** Auto Build of configuration Debug for project axis_sm ****
make pre-build main-build 
a9-linaro-pre-build-step
' '
'Building file: ../src/helloworld.c'
'Invoking: ARM v7 gcc compiler'
arm-none-eabi-gcc -Wall -O0 -g3 -c -fmessage-length=0 -MT"src/helloworld.o" -mcpu=cortex-a9 -mfpu=vfpv3 -mfloat-abi=hard -I../../axis_sm_bsp/ps7_cortexa9_0/include -MMD -MP -MF"src/helloworld.d" -MT"src/helloworld.o" -o "src/helloworld.o" "../src/helloworld.c"
../src/helloworld.c: In function 'main':
../src/helloworld.c:69:6: warning: unused variable 'data' [-Wunused-variable]
  u32 data = 12;
      ^~~~
'Finished building: ../src/helloworld.c'
' '
'Building target: axis_sm.elf'
'Invoking: ARM v7 gcc linker'
arm-none-eabi-gcc -mcpu=cortex-a9 -mfpu=vfpv3 -mfloat-abi=hard -Wl,-build-id=none -specs=Xilinx.spec -Wl,-T -Wl,../src/lscript.ld -L../../axis_sm_bsp/ps7_cortexa9_0/lib -o "axis_sm.elf"  ./src/helloworld.o ./src/platform.o   -Wl,--start-group,-lxil,-lgcc,-lc,--end-group
'Finished building target: axis_sm.elf'
' '
'Invoking: ARM v7 Print Size'
arm-none-eabi-size axis_sm.elf  |tee "axis_sm.elf.size"
   text	   data	    bss	    dec	    hex	filename
  34148	   2252	  24504	  60904	   ede8	axis_sm.elf
'Finished building: axis_sm.elf.size'
' '
15:55:14 **** Auto Build of configuration Debug for project axis_sm ****
make pre-build main-build 
a9-linaro-pre-build-step
' '
'Building file: ../src/helloworld.c'
'Invoking: ARM v7 gcc compiler'
arm-none-eabi-gcc -Wall -O0 -g3 -c -fmessage-length=0 -MT"src/helloworld.o" -mcpu=cortex-a9 -mfpu=vfpv3 -mfloat-abi=hard -I../../axis_sm_bsp/ps7_cortexa9_0/include -MMD -MP -MF"src/helloworld.d" -MT"src/helloworld.o" -o "src/helloworld.o" "../src/helloworld.c"
../src/helloworld.c: In function 'main':
../src/helloworld.c:75:26: warning: passing argument 1 of 'Xil_DCacheFlushRange' makes integer from pointer without a cast [-Wint-conversion]
     Xil_DCacheFlushRange(&tdata,1);
                          ^
In file included from ../../axis_sm_bsp/ps7_cortexa9_0/include/xaxidma_bd.h:120:0,
                 from ../../axis_sm_bsp/ps7_cortexa9_0/include/xaxidma_bdring.h:86,
                 from ../../axis_sm_bsp/ps7_cortexa9_0/include/xaxidma.h:488,
                 from ../src/helloworld.c:51:
../../axis_sm_bsp/ps7_cortexa9_0/include/xil_cache.h:107:6: note: expected 'INTPTR {aka int}' but argument is of type 'u32 * {aka long unsigned int *}'
 void Xil_DCacheFlushRange(INTPTR adr, u32 len);
      ^~~~~~~~~~~~~~~~~~~~
../src/helloworld.c:76:26: warning: passing argument 1 of 'Xil_DCacheFlushRange' makes integer from pointer without a cast [-Wint-conversion]
     Xil_DCacheFlushRange(&rdata,1);
                          ^
In file included from ../../axis_sm_bsp/ps7_cortexa9_0/include/xaxidma_bd.h:120:0,
                 from ../../axis_sm_bsp/ps7_cortexa9_0/include/xaxidma_bdring.h:86,
                 from ../../axis_sm_bsp/ps7_cortexa9_0/include/xaxidma.h:488,
                 from ../src/helloworld.c:51:
../../axis_sm_bsp/ps7_cortexa9_0/include/xil_cache.h:107:6: note: expected 'INTPTR {aka int}' but argument is of type 'u32 * {aka long unsigned int *}'
 void Xil_DCacheFlushRange(INTPTR adr, u32 len);
      ^~~~~~~~~~~~~~~~~~~~
'Finished building: ../src/helloworld.c'
' '
'Building target: axis_sm.elf'
'Invoking: ARM v7 gcc linker'
arm-none-eabi-gcc -mcpu=cortex-a9 -mfpu=vfpv3 -mfloat-abi=hard -Wl,-build-id=none -specs=Xilinx.spec -Wl,-T -Wl,../src/lscript.ld -L../../axis_sm_bsp/ps7_cortexa9_0/lib -o "axis_sm.elf"  ./src/helloworld.o ./src/platform.o   -Wl,--start-group,-lxil,-lgcc,-lc,--end-group
'Finished building target: axis_sm.elf'
' '
'Invoking: ARM v7 Print Size'
arm-none-eabi-size axis_sm.elf  |tee "axis_sm.elf.size"
   text	   data	    bss	    dec	    hex	filename
  34132	   2252	  24504	  60888	   edd8	axis_sm.elf
'Finished building: axis_sm.elf.size'
' '
16:03:41 **** Auto Build of configuration Debug for project axis_sm ****
make pre-build main-build 
a9-linaro-pre-build-step
' '
'Building file: ../src/helloworld.c'
'Invoking: ARM v7 gcc compiler'
arm-none-eabi-gcc -Wall -O0 -g3 -c -fmessage-length=0 -MT"src/helloworld.o" -mcpu=cortex-a9 -mfpu=vfpv3 -mfloat-abi=hard -I../../axis_sm_bsp/ps7_cortexa9_0/include -MMD -MP -MF"src/helloworld.d" -MT"src/helloworld.o" -o "src/helloworld.o" "../src/helloworld.c"
../src/helloworld.c: In function 'main':
../src/helloworld.c:78:26: warning: passing argument 1 of 'Xil_DCacheFlushRange' makes integer from pointer without a cast [-Wint-conversion]
     Xil_DCacheFlushRange(&tdata,1);
                          ^
In file included from ../../axis_sm_bsp/ps7_cortexa9_0/include/xaxidma_bd.h:120:0,
                 from ../../axis_sm_bsp/ps7_cortexa9_0/include/xaxidma_bdring.h:86,
                 from ../../axis_sm_bsp/ps7_cortexa9_0/include/xaxidma.h:488,
                 from ../src/helloworld.c:51:
../../axis_sm_bsp/ps7_cortexa9_0/include/xil_cache.h:107:6: note: expected 'INTPTR {aka int}' but argument is of type 'u32 * {aka long unsigned int *}'
 void Xil_DCacheFlushRange(INTPTR adr, u32 len);
      ^~~~~~~~~~~~~~~~~~~~
../src/helloworld.c:79:26: warning: passing argument 1 of 'Xil_DCacheFlushRange' makes integer from pointer without a cast [-Wint-conversion]
     Xil_DCacheFlushRange(&rdata,1);
                          ^
In file included from ../../axis_sm_bsp/ps7_cortexa9_0/include/xaxidma_bd.h:120:0,
                 from ../../axis_sm_bsp/ps7_cortexa9_0/include/xaxidma_bdring.h:86,
                 from ../../axis_sm_bsp/ps7_cortexa9_0/include/xaxidma.h:488,
                 from ../src/helloworld.c:51:
../../axis_sm_bsp/ps7_cortexa9_0/include/xil_cache.h:107:6: note: expected 'INTPTR {aka int}' but argument is of type 'u32 * {aka long unsigned int *}'
 void Xil_DCacheFlushRange(INTPTR adr, u32 len);
      ^~~~~~~~~~~~~~~~~~~~
../src/helloworld.c:81:32: warning: passing argument 2 of 'XAxiDma_SimpleTransfer' makes integer from pointer without a cast [-Wint-conversion]
     XAxiDma_SimpleTransfer(&dI,&tdata, 1,XAXIDMA_DMA_TO_DEVICE);
                                ^
In file included from ../src/helloworld.c:51:0:
../../axis_sm_bsp/ps7_cortexa9_0/include/xaxidma.h:750:5: note: expected 'UINTPTR {aka unsigned int}' but argument is of type 'u32 * {aka long unsigned int *}'
 u32 XAxiDma_SimpleTransfer(XAxiDma *InstancePtr, UINTPTR BuffAddr, u32 Length,
     ^~~~~~~~~~~~~~~~~~~~~~
../src/helloworld.c:82:32: warning: passing argument 2 of 'XAxiDma_SimpleTransfer' makes integer from pointer without a cast [-Wint-conversion]
     XAxiDma_SimpleTransfer(&dI,&rdata, 1,XAXIDMA_DEVICE_TO_DMA);
                                ^
In file included from ../src/helloworld.c:51:0:
../../axis_sm_bsp/ps7_cortexa9_0/include/xaxidma.h:750:5: note: expected 'UINTPTR {aka unsigned int}' but argument is of type 'u32 * {aka long unsigned int *}'
 u32 XAxiDma_SimpleTransfer(XAxiDma *InstancePtr, UINTPTR BuffAddr, u32 Length,
     ^~~~~~~~~~~~~~~~~~~~~~
'Finished building: ../src/helloworld.c'
' '
'Building target: axis_sm.elf'
'Invoking: ARM v7 gcc linker'
arm-none-eabi-gcc -mcpu=cortex-a9 -mfpu=vfpv3 -mfloat-abi=hard -Wl,-build-id=none -specs=Xilinx.spec -Wl,-T -Wl,../src/lscript.ld -L../../axis_sm_bsp/ps7_cortexa9_0/lib -o "axis_sm.elf"  ./src/helloworld.o ./src/platform.o   -Wl,--start-group,-lxil,-lgcc,-lc,--end-group
'Finished building target: axis_sm.elf'
' '
'Invoking: ARM v7 Print Size'
arm-none-eabi-size axis_sm.elf  |tee "axis_sm.elf.size"
   text	   data	    bss	    dec	    hex	filename
  34524	   2252	  24504	  61280	   ef60	axis_sm.elf
'Finished building: axis_sm.elf.size'
' '
16:04:32 **** Incremental Build of configuration Debug for project axis_sm ****
make pre-build main-build 
a9-linaro-pre-build-step
' '
make: Nothing to be done for `main-build'.
16:06:42 **** Auto Build of configuration Debug for project axis_sm ****
make pre-build main-build 
a9-linaro-pre-build-step
' '
'Building file: ../src/helloworld.c'
'Invoking: ARM v7 gcc compiler'
arm-none-eabi-gcc -Wall -O0 -g3 -c -fmessage-length=0 -MT"src/helloworld.o" -mcpu=cortex-a9 -mfpu=vfpv3 -mfloat-abi=hard -I../../axis_sm_bsp/ps7_cortexa9_0/include -MMD -MP -MF"src/helloworld.d" -MT"src/helloworld.o" -o "src/helloworld.o" "../src/helloworld.c"
../src/helloworld.c: In function 'main':
../src/helloworld.c:78:26: warning: passing argument 1 of 'Xil_DCacheFlushRange' makes integer from pointer without a cast [-Wint-conversion]
     Xil_DCacheFlushRange(&tdata,1);
                          ^
In file included from ../../axis_sm_bsp/ps7_cortexa9_0/include/xaxidma_bd.h:120:0,
                 from ../../axis_sm_bsp/ps7_cortexa9_0/include/xaxidma_bdring.h:86,
                 from ../../axis_sm_bsp/ps7_cortexa9_0/include/xaxidma.h:488,
                 from ../src/helloworld.c:51:
../../axis_sm_bsp/ps7_cortexa9_0/include/xil_cache.h:107:6: note: expected 'INTPTR {aka int}' but argument is of type 'u32 * {aka long unsigned int *}'
 void Xil_DCacheFlushRange(INTPTR adr, u32 len);
      ^~~~~~~~~~~~~~~~~~~~
../src/helloworld.c:79:26: warning: passing argument 1 of 'Xil_DCacheFlushRange' makes integer from pointer without a cast [-Wint-conversion]
     Xil_DCacheFlushRange(&rdata,1);
                          ^
In file included from ../../axis_sm_bsp/ps7_cortexa9_0/include/xaxidma_bd.h:120:0,
                 from ../../axis_sm_bsp/ps7_cortexa9_0/include/xaxidma_bdring.h:86,
                 from ../../axis_sm_bsp/ps7_cortexa9_0/include/xaxidma.h:488,
                 from ../src/helloworld.c:51:
../../axis_sm_bsp/ps7_cortexa9_0/include/xil_cache.h:107:6: note: expected 'INTPTR {aka int}' but argument is of type 'u32 * {aka long unsigned int *}'
 void Xil_DCacheFlushRange(INTPTR adr, u32 len);
      ^~~~~~~~~~~~~~~~~~~~
../src/helloworld.c:81:32: warning: passing argument 2 of 'XAxiDma_SimpleTransfer' makes integer from pointer without a cast [-Wint-conversion]
     XAxiDma_SimpleTransfer(&dI,&tdata, 1,XAXIDMA_DMA_TO_DEVICE);
                                ^
In file included from ../src/helloworld.c:51:0:
../../axis_sm_bsp/ps7_cortexa9_0/include/xaxidma.h:750:5: note: expected 'UINTPTR {aka unsigned int}' but argument is of type 'u32 * {aka long unsigned int *}'
 u32 XAxiDma_SimpleTransfer(XAxiDma *InstancePtr, UINTPTR BuffAddr, u32 Length,
     ^~~~~~~~~~~~~~~~~~~~~~
../src/helloworld.c:82:32: warning: passing argument 2 of 'XAxiDma_SimpleTransfer' makes integer from pointer without a cast [-Wint-conversion]
     XAxiDma_SimpleTransfer(&dI,&rdata, 1,XAXIDMA_DEVICE_TO_DMA);
                                ^
In file included from ../src/helloworld.c:51:0:
../../axis_sm_bsp/ps7_cortexa9_0/include/xaxidma.h:750:5: note: expected 'UINTPTR {aka unsigned int}' but argument is of type 'u32 * {aka long unsigned int *}'
 u32 XAxiDma_SimpleTransfer(XAxiDma *InstancePtr, UINTPTR BuffAddr, u32 Length,
     ^~~~~~~~~~~~~~~~~~~~~~
../src/helloworld.c:86:31: warning: passing argument 1 of 'Xil_DCacheInvalidateRange' makes integer from pointer without a cast [-Wint-conversion]
     Xil_DCacheInvalidateRange(&rdata,1);
                               ^
In file included from ../../axis_sm_bsp/ps7_cortexa9_0/include/xaxidma_bd.h:120:0,
                 from ../../axis_sm_bsp/ps7_cortexa9_0/include/xaxidma_bdring.h:86,
                 from ../../axis_sm_bsp/ps7_cortexa9_0/include/xaxidma.h:488,
                 from ../src/helloworld.c:51:
../../axis_sm_bsp/ps7_cortexa9_0/include/xil_cache.h:105:6: note: expected 'INTPTR {aka int}' but argument is of type 'u32 * {aka long unsigned int *}'
 void Xil_DCacheInvalidateRange(INTPTR adr, u32 len);
      ^~~~~~~~~~~~~~~~~~~~~~~~~
'Finished building: ../src/helloworld.c'
' '
'Building target: axis_sm.elf'
'Invoking: ARM v7 gcc linker'
arm-none-eabi-gcc -mcpu=cortex-a9 -mfpu=vfpv3 -mfloat-abi=hard -Wl,-build-id=none -specs=Xilinx.spec -Wl,-T -Wl,../src/lscript.ld -L../../axis_sm_bsp/ps7_cortexa9_0/lib -o "axis_sm.elf"  ./src/helloworld.o ./src/platform.o   -Wl,--start-group,-lxil,-lgcc,-lc,--end-group
'Finished building target: axis_sm.elf'
' '
'Invoking: ARM v7 Print Size'
arm-none-eabi-size axis_sm.elf  |tee "axis_sm.elf.size"
   text	   data	    bss	    dec	    hex	filename
  34588	   2252	  24504	  61344	   efa0	axis_sm.elf
'Finished building: axis_sm.elf.size'
' '
16:06:49 **** Incremental Build of configuration Debug for project axis_sm ****
make pre-build main-build 
a9-linaro-pre-build-step
' '
make: Nothing to be done for `main-build'.
16:10:11 **** Auto Build of configuration Debug for project axis_sm ****
make pre-build main-build 
a9-linaro-pre-build-step
' '
'Building file: ../src/helloworld.c'
'Invoking: ARM v7 gcc compiler'
arm-none-eabi-gcc -Wall -O0 -g3 -c -fmessage-length=0 -MT"src/helloworld.o" -mcpu=cortex-a9 -mfpu=vfpv3 -mfloat-abi=hard -I../../axis_sm_bsp/ps7_cortexa9_0/include -MMD -MP -MF"src/helloworld.d" -MT"src/helloworld.o" -o "src/helloworld.o" "../src/helloworld.c"
../src/helloworld.c: In function 'main':
../src/helloworld.c:78:26: warning: passing argument 1 of 'Xil_DCacheFlushRange' makes integer from pointer without a cast [-Wint-conversion]
     Xil_DCacheFlushRange(&tdata,1*sizeof(u32));
                          ^
In file included from ../../axis_sm_bsp/ps7_cortexa9_0/include/xaxidma_bd.h:120:0,
                 from ../../axis_sm_bsp/ps7_cortexa9_0/include/xaxidma_bdring.h:86,
                 from ../../axis_sm_bsp/ps7_cortexa9_0/include/xaxidma.h:488,
                 from ../src/helloworld.c:51:
../../axis_sm_bsp/ps7_cortexa9_0/include/xil_cache.h:107:6: note: expected 'INTPTR {aka int}' but argument is of type 'u32 * {aka long unsigned int *}'
 void Xil_DCacheFlushRange(INTPTR adr, u32 len);
      ^~~~~~~~~~~~~~~~~~~~
../src/helloworld.c:79:26: warning: passing argument 1 of 'Xil_DCacheFlushRange' makes integer from pointer without a cast [-Wint-conversion]
     Xil_DCacheFlushRange(&rdata,1*sizeof(u32));
                          ^
In file included from ../../axis_sm_bsp/ps7_cortexa9_0/include/xaxidma_bd.h:120:0,
                 from ../../axis_sm_bsp/ps7_cortexa9_0/include/xaxidma_bdring.h:86,
                 from ../../axis_sm_bsp/ps7_cortexa9_0/include/xaxidma.h:488,
                 from ../src/helloworld.c:51:
../../axis_sm_bsp/ps7_cortexa9_0/include/xil_cache.h:107:6: note: expected 'INTPTR {aka int}' but argument is of type 'u32 * {aka long unsigned int *}'
 void Xil_DCacheFlushRange(INTPTR adr, u32 len);
      ^~~~~~~~~~~~~~~~~~~~
../src/helloworld.c:81:32: warning: passing argument 2 of 'XAxiDma_SimpleTransfer' makes integer from pointer without a cast [-Wint-conversion]
     XAxiDma_SimpleTransfer(&dI,&tdata, 1,XAXIDMA_DMA_TO_DEVICE);
                                ^
In file included from ../src/helloworld.c:51:0:
../../axis_sm_bsp/ps7_cortexa9_0/include/xaxidma.h:750:5: note: expected 'UINTPTR {aka unsigned int}' but argument is of type 'u32 * {aka long unsigned int *}'
 u32 XAxiDma_SimpleTransfer(XAxiDma *InstancePtr, UINTPTR BuffAddr, u32 Length,
     ^~~~~~~~~~~~~~~~~~~~~~
../src/helloworld.c:82:32: warning: passing argument 2 of 'XAxiDma_SimpleTransfer' makes integer from pointer without a cast [-Wint-conversion]
     XAxiDma_SimpleTransfer(&dI,&rdata, 1,XAXIDMA_DEVICE_TO_DMA);
                                ^
In file included from ../src/helloworld.c:51:0:
../../axis_sm_bsp/ps7_cortexa9_0/include/xaxidma.h:750:5: note: expected 'UINTPTR {aka unsigned int}' but argument is of type 'u32 * {aka long unsigned int *}'
 u32 XAxiDma_SimpleTransfer(XAxiDma *InstancePtr, UINTPTR BuffAddr, u32 Length,
     ^~~~~~~~~~~~~~~~~~~~~~
../src/helloworld.c:86:31: warning: passing argument 1 of 'Xil_DCacheInvalidateRange' makes integer from pointer without a cast [-Wint-conversion]
     Xil_DCacheInvalidateRange(&rdata,1*sizeof(u32));
                               ^
In file included from ../../axis_sm_bsp/ps7_cortexa9_0/include/xaxidma_bd.h:120:0,
                 from ../../axis_sm_bsp/ps7_cortexa9_0/include/xaxidma_bdring.h:86,
                 from ../../axis_sm_bsp/ps7_cortexa9_0/include/xaxidma.h:488,
                 from ../src/helloworld.c:51:
../../axis_sm_bsp/ps7_cortexa9_0/include/xil_cache.h:105:6: note: expected 'INTPTR {aka int}' but argument is of type 'u32 * {aka long unsigned int *}'
 void Xil_DCacheInvalidateRange(INTPTR adr, u32 len);
      ^~~~~~~~~~~~~~~~~~~~~~~~~
'Finished building: ../src/helloworld.c'
' '
'Building target: axis_sm.elf'
'Invoking: ARM v7 gcc linker'
arm-none-eabi-gcc -mcpu=cortex-a9 -mfpu=vfpv3 -mfloat-abi=hard -Wl,-build-id=none -specs=Xilinx.spec -Wl,-T -Wl,../src/lscript.ld -L../../axis_sm_bsp/ps7_cortexa9_0/lib -o "axis_sm.elf"  ./src/helloworld.o ./src/platform.o   -Wl,--start-group,-lxil,-lgcc,-lc,--end-group
'Finished building target: axis_sm.elf'
' '
'Invoking: ARM v7 Print Size'
arm-none-eabi-size axis_sm.elf  |tee "axis_sm.elf.size"
   text	   data	    bss	    dec	    hex	filename
  34588	   2252	  24504	  61344	   efa0	axis_sm.elf
'Finished building: axis_sm.elf.size'
' '
16:10:14 **** Incremental Build of configuration Debug for project axis_sm ****
make pre-build main-build 
a9-linaro-pre-build-step
' '
make: Nothing to be done for `main-build'.
16:11:06 **** Auto Build of configuration Debug for project axis_sm ****
make pre-build main-build 
a9-linaro-pre-build-step
' '
'Building file: ../src/helloworld.c'
'Invoking: ARM v7 gcc compiler'
arm-none-eabi-gcc -Wall -O0 -g3 -c -fmessage-length=0 -MT"src/helloworld.o" -mcpu=cortex-a9 -mfpu=vfpv3 -mfloat-abi=hard -I../../axis_sm_bsp/ps7_cortexa9_0/include -MMD -MP -MF"src/helloworld.d" -MT"src/helloworld.o" -o "src/helloworld.o" "../src/helloworld.c"
../src/helloworld.c: In function 'main':
../src/helloworld.c:78:26: warning: passing argument 1 of 'Xil_DCacheFlushRange' makes integer from pointer without a cast [-Wint-conversion]
     Xil_DCacheFlushRange(&tdata,1*sizeof(u32));
                          ^
In file included from ../../axis_sm_bsp/ps7_cortexa9_0/include/xaxidma_bd.h:120:0,
                 from ../../axis_sm_bsp/ps7_cortexa9_0/include/xaxidma_bdring.h:86,
                 from ../../axis_sm_bsp/ps7_cortexa9_0/include/xaxidma.h:488,
                 from ../src/helloworld.c:51:
../../axis_sm_bsp/ps7_cortexa9_0/include/xil_cache.h:107:6: note: expected 'INTPTR {aka int}' but argument is of type 'u32 * {aka long unsigned int *}'
 void Xil_DCacheFlushRange(INTPTR adr, u32 len);
      ^~~~~~~~~~~~~~~~~~~~
../src/helloworld.c:79:26: warning: passing argument 1 of 'Xil_DCacheFlushRange' makes integer from pointer without a cast [-Wint-conversion]
     Xil_DCacheFlushRange(&rdata,1*sizeof(u32));
                          ^
In file included from ../../axis_sm_bsp/ps7_cortexa9_0/include/xaxidma_bd.h:120:0,
                 from ../../axis_sm_bsp/ps7_cortexa9_0/include/xaxidma_bdring.h:86,
                 from ../../axis_sm_bsp/ps7_cortexa9_0/include/xaxidma.h:488,
                 from ../src/helloworld.c:51:
../../axis_sm_bsp/ps7_cortexa9_0/include/xil_cache.h:107:6: note: expected 'INTPTR {aka int}' but argument is of type 'u32 * {aka long unsigned int *}'
 void Xil_DCacheFlushRange(INTPTR adr, u32 len);
      ^~~~~~~~~~~~~~~~~~~~
../src/helloworld.c:81:32: warning: passing argument 2 of 'XAxiDma_SimpleTransfer' makes integer from pointer without a cast [-Wint-conversion]
     XAxiDma_SimpleTransfer(&dI,&tdata, 1,XAXIDMA_DMA_TO_DEVICE);
                                ^
In file included from ../src/helloworld.c:51:0:
../../axis_sm_bsp/ps7_cortexa9_0/include/xaxidma.h:750:5: note: expected 'UINTPTR {aka unsigned int}' but argument is of type 'u32 * {aka long unsigned int *}'
 u32 XAxiDma_SimpleTransfer(XAxiDma *InstancePtr, UINTPTR BuffAddr, u32 Length,
     ^~~~~~~~~~~~~~~~~~~~~~
../src/helloworld.c:82:32: warning: passing argument 2 of 'XAxiDma_SimpleTransfer' makes integer from pointer without a cast [-Wint-conversion]
     XAxiDma_SimpleTransfer(&dI,&rdata, 1,XAXIDMA_DEVICE_TO_DMA);
                                ^
In file included from ../src/helloworld.c:51:0:
../../axis_sm_bsp/ps7_cortexa9_0/include/xaxidma.h:750:5: note: expected 'UINTPTR {aka unsigned int}' but argument is of type 'u32 * {aka long unsigned int *}'
 u32 XAxiDma_SimpleTransfer(XAxiDma *InstancePtr, UINTPTR BuffAddr, u32 Length,
     ^~~~~~~~~~~~~~~~~~~~~~
../src/helloworld.c:86:31: warning: passing argument 1 of 'Xil_DCacheInvalidateRange' makes integer from pointer without a cast [-Wint-conversion]
     Xil_DCacheInvalidateRange(&rdata,1*sizeof(u32));
                               ^
In file included from ../../axis_sm_bsp/ps7_cortexa9_0/include/xaxidma_bd.h:120:0,
                 from ../../axis_sm_bsp/ps7_cortexa9_0/include/xaxidma_bdring.h:86,
                 from ../../axis_sm_bsp/ps7_cortexa9_0/include/xaxidma.h:488,
                 from ../src/helloworld.c:51:
../../axis_sm_bsp/ps7_cortexa9_0/include/xil_cache.h:105:6: note: expected 'INTPTR {aka int}' but argument is of type 'u32 * {aka long unsigned int *}'
 void Xil_DCacheInvalidateRange(INTPTR adr, u32 len);
      ^~~~~~~~~~~~~~~~~~~~~~~~~
'Finished building: ../src/helloworld.c'
' '
'Building target: axis_sm.elf'
'Invoking: ARM v7 gcc linker'
arm-none-eabi-gcc -mcpu=cortex-a9 -mfpu=vfpv3 -mfloat-abi=hard -Wl,-build-id=none -specs=Xilinx.spec -Wl,-T -Wl,../src/lscript.ld -L../../axis_sm_bsp/ps7_cortexa9_0/lib -o "axis_sm.elf"  ./src/helloworld.o ./src/platform.o   -Wl,--start-group,-lxil,-lgcc,-lc,--end-group
'Finished building target: axis_sm.elf'
' '
'Invoking: ARM v7 Print Size'
arm-none-eabi-size axis_sm.elf  |tee "axis_sm.elf.size"
   text	   data	    bss	    dec	    hex	filename
  34588	   2252	  24504	  61344	   efa0	axis_sm.elf
'Finished building: axis_sm.elf.size'
' '
16:11:19 **** Incremental Build of configuration Debug for project axis_sm ****
make pre-build main-build 
a9-linaro-pre-build-step
' '
make: Nothing to be done for `main-build'.
16:23:12 **** Incremental Build of configuration Debug for project axis_sm ****
make pre-build main-build 
a9-linaro-pre-build-step
' '
'Building file: ../src/helloworld.c'
'Invoking: ARM v7 gcc compiler'
arm-none-eabi-gcc -Wall -O0 -g3 -c -fmessage-length=0 -MT"src/helloworld.o" -mcpu=cortex-a9 -mfpu=vfpv3 -mfloat-abi=hard -I../../axis_sm_bsp/ps7_cortexa9_0/include -MMD -MP -MF"src/helloworld.d" -MT"src/helloworld.o" -o "src/helloworld.o" "../src/helloworld.c"
../src/helloworld.c:50:24: fatal error: xil_printf.h: No such file or directory
 #include "xil_printf.h"
                        ^
compilation terminated.
make: *** [src/helloworld.o] Error 1
16:23:19 **** Auto Build of project axis_sm_bsp ****
make -k all 
"Running Make include in ps7_cortexa9_0/libsrc/axidma_v9_5/src"
make -C ps7_cortexa9_0/libsrc/axidma_v9_5/src -s include  "SHELL=CMD" "COMPILER=arm-none-eabi-gcc" "ARCHIVER=arm-none-eabi-ar" "COMPILER_FLAGS=  -O2 -c" "EXTRA_COMPILER_FLAGS=-mcpu=cortex-a9 -mfpu=vfpv3 -mfloat-abi=hard -nostartfiles -Wall -Wextra"
"Running Make include in ps7_cortexa9_0/libsrc/coresightps_dcc_v1_4/src"
make -C ps7_cortexa9_0/libsrc/coresightps_dcc_v1_4/src -s include  "SHELL=CMD" "COMPILER=arm-none-eabi-gcc" "ARCHIVER=arm-none-eabi-ar" "COMPILER_FLAGS=  -O2 -c" "EXTRA_COMPILER_FLAGS=-mcpu=cortex-a9 -mfpu=vfpv3 -mfloat-abi=hard -nostartfiles -Wall -Wextra"
"Running Make include in ps7_cortexa9_0/libsrc/cpu_cortexa9_v2_5/src"
make -C ps7_cortexa9_0/libsrc/cpu_cortexa9_v2_5/src -s include  "SHELL=CMD" "COMPILER=arm-none-eabi-gcc" "ARCHIVER=arm-none-eabi-ar" "COMPILER_FLAGS=  -O2 -c" "EXTRA_COMPILER_FLAGS=-mcpu=cortex-a9 -mfpu=vfpv3 -mfloat-abi=hard -nostartfiles -Wall -Wextra"
"Running Make include in ps7_cortexa9_0/libsrc/ddrps_v1_0/src"
make -C ps7_cortexa9_0/libsrc/ddrps_v1_0/src -s include  "SHELL=CMD" "COMPILER=arm-none-eabi-gcc" "ARCHIVER=arm-none-eabi-ar" "COMPILER_FLAGS=  -O2 -c" "EXTRA_COMPILER_FLAGS=-mcpu=cortex-a9 -mfpu=vfpv3 -mfloat-abi=hard -nostartfiles -Wall -Wextra"
"Running Make include in ps7_cortexa9_0/libsrc/devcfg_v3_5/src"
make -C ps7_cortexa9_0/libsrc/devcfg_v3_5/src -s include  "SHELL=CMD" "COMPILER=arm-none-eabi-gcc" "ARCHIVER=arm-none-eabi-ar" "COMPILER_FLAGS=  -O2 -c" "EXTRA_COMPILER_FLAGS=-mcpu=cortex-a9 -mfpu=vfpv3 -mfloat-abi=hard -nostartfiles -Wall -Wextra"
"Running Make include in ps7_cortexa9_0/libsrc/dmaps_v2_3/src"
make -C ps7_cortexa9_0/libsrc/dmaps_v2_3/src -s include  "SHELL=CMD" "COMPILER=arm-none-eabi-gcc" "ARCHIVER=arm-none-eabi-ar" "COMPILER_FLAGS=  -O2 -c" "EXTRA_COMPILER_FLAGS=-mcpu=cortex-a9 -mfpu=vfpv3 -mfloat-abi=hard -nostartfiles -Wall -Wextra"
"Running Make include in ps7_cortexa9_0/libsrc/emacps_v3_6/src"
make -C ps7_cortexa9_0/libsrc/emacps_v3_6/src -s include  "SHELL=CMD" "COMPILER=arm-none-eabi-gcc" "ARCHIVER=arm-none-eabi-ar" "COMPILER_FLAGS=  -O2 -c" "EXTRA_COMPILER_FLAGS=-mcpu=cortex-a9 -mfpu=vfpv3 -mfloat-abi=hard -nostartfiles -Wall -Wextra"
"Running Make include in ps7_cortexa9_0/libsrc/scugic_v3_8/src"
make -C ps7_cortexa9_0/libsrc/scugic_v3_8/src -s include  "SHELL=CMD" "COMPILER=arm-none-eabi-gcc" "ARCHIVER=arm-none-eabi-ar" "COMPILER_FLAGS=  -O2 -c" "EXTRA_COMPILER_FLAGS=-mcpu=cortex-a9 -mfpu=vfpv3 -mfloat-abi=hard -nostartfiles -Wall -Wextra"
"Running Make include in ps7_cortexa9_0/libsrc/scutimer_v2_1/src"
make -C ps7_cortexa9_0/libsrc/scutimer_v2_1/src -s include  "SHELL=CMD" "COMPILER=arm-none-eabi-gcc" "ARCHIVER=arm-none-eabi-ar" "COMPILER_FLAGS=  -O2 -c" "EXTRA_COMPILER_FLAGS=-mcpu=cortex-a9 -mfpu=vfpv3 -mfloat-abi=hard -nostartfiles -Wall -Wextra"
"Running Make include in ps7_cortexa9_0/libsrc/scuwdt_v2_1/src"
make -C ps7_cortexa9_0/libsrc/scuwdt_v2_1/src -s include  "SHELL=CMD" "COMPILER=arm-none-eabi-gcc" "ARCHIVER=arm-none-eabi-ar" "COMPILER_FLAGS=  -O2 -c" "EXTRA_COMPILER_FLAGS=-mcpu=cortex-a9 -mfpu=vfpv3 -mfloat-abi=hard -nostartfiles -Wall -Wextra"
"Running Make include in ps7_cortexa9_0/libsrc/standalone_v6_5/src"
make -C ps7_cortexa9_0/libsrc/standalone_v6_5/src -s include  "SHELL=CMD" "COMPILER=arm-none-eabi-gcc" "ARCHIVER=arm-none-eabi-ar" "COMPILER_FLAGS=  -O2 -c" "EXTRA_COMPILER_FLAGS=-mcpu=cortex-a9 -mfpu=vfpv3 -mfloat-abi=hard -nostartfiles -Wall -Wextra"
"Running Make include in ps7_cortexa9_0/libsrc/uartps_v3_5/src"
make -C ps7_cortexa9_0/libsrc/uartps_v3_5/src -s include  "SHELL=CMD" "COMPILER=arm-none-eabi-gcc" "ARCHIVER=arm-none-eabi-ar" "COMPILER_FLAGS=  -O2 -c" "EXTRA_COMPILER_FLAGS=-mcpu=cortex-a9 -mfpu=vfpv3 -mfloat-abi=hard -nostartfiles -Wall -Wextra"
"Running Make include in ps7_cortexa9_0/libsrc/xadcps_v2_2/src"
make -C ps7_cortexa9_0/libsrc/xadcps_v2_2/src -s include  "SHELL=CMD" "COMPILER=arm-none-eabi-gcc" "ARCHIVER=arm-none-eabi-ar" "COMPILER_FLAGS=  -O2 -c" "EXTRA_COMPILER_FLAGS=-mcpu=cortex-a9 -mfpu=vfpv3 -mfloat-abi=hard -nostartfiles -Wall -Wextra"
"Running Make libs in ps7_cortexa9_0/libsrc/axidma_v9_5/src"
make -C ps7_cortexa9_0/libsrc/axidma_v9_5/src -s libs  "SHELL=CMD" "COMPILER=arm-none-eabi-gcc" "ARCHIVER=arm-none-eabi-ar" "COMPILER_FLAGS=  -O2 -c" "EXTRA_COMPILER_FLAGS=-mcpu=cortex-a9 -mfpu=vfpv3 -mfloat-abi=hard -nostartfiles -Wall -Wextra"
"Compiling axidma"
arm-none-eabi-ar: creating ../../../lib/libxil.a
"Running Make libs in ps7_cortexa9_0/libsrc/coresightps_dcc_v1_4/src"
make -C ps7_cortexa9_0/libsrc/coresightps_dcc_v1_4/src -s libs  "SHELL=CMD" "COMPILER=arm-none-eabi-gcc" "ARCHIVER=arm-none-eabi-ar" "COMPILER_FLAGS=  -O2 -c" "EXTRA_COMPILER_FLAGS=-mcpu=cortex-a9 -mfpu=vfpv3 -mfloat-abi=hard -nostartfiles -Wall -Wextra"
"Compiling coresightps_dcc"
"Running Make libs in ps7_cortexa9_0/libsrc/cpu_cortexa9_v2_5/src"
make -C ps7_cortexa9_0/libsrc/cpu_cortexa9_v2_5/src -s libs  "SHELL=CMD" "COMPILER=arm-none-eabi-gcc" "ARCHIVER=arm-none-eabi-ar" "COMPILER_FLAGS=  -O2 -c" "EXTRA_COMPILER_FLAGS=-mcpu=cortex-a9 -mfpu=vfpv3 -mfloat-abi=hard -nostartfiles -Wall -Wextra"
"Compiling cpu_cortexa9"
"Running Make libs in ps7_cortexa9_0/libsrc/ddrps_v1_0/src"
make -C ps7_cortexa9_0/libsrc/ddrps_v1_0/src -s libs  "SHELL=CMD" "COMPILER=arm-none-eabi-gcc" "ARCHIVER=arm-none-eabi-ar" "COMPILER_FLAGS=  -O2 -c" "EXTRA_COMPILER_FLAGS=-mcpu=cortex-a9 -mfpu=vfpv3 -mfloat-abi=hard -nostartfiles -Wall -Wextra"
"Compiling ddrps"
"Running Make libs in ps7_cortexa9_0/libsrc/devcfg_v3_5/src"
make -C ps7_cortexa9_0/libsrc/devcfg_v3_5/src -s libs  "SHELL=CMD" "COMPILER=arm-none-eabi-gcc" "ARCHIVER=arm-none-eabi-ar" "COMPILER_FLAGS=  -O2 -c" "EXTRA_COMPILER_FLAGS=-mcpu=cortex-a9 -mfpu=vfpv3 -mfloat-abi=hard -nostartfiles -Wall -Wextra"
"Compiling devcfg"
"Running Make libs in ps7_cortexa9_0/libsrc/dmaps_v2_3/src"
make -C ps7_cortexa9_0/libsrc/dmaps_v2_3/src -s libs  "SHELL=CMD" "COMPILER=arm-none-eabi-gcc" "ARCHIVER=arm-none-eabi-ar" "COMPILER_FLAGS=  -O2 -c" "EXTRA_COMPILER_FLAGS=-mcpu=cortex-a9 -mfpu=vfpv3 -mfloat-abi=hard -nostartfiles -Wall -Wextra"
"Compiling dmaps"
"Running Make libs in ps7_cortexa9_0/libsrc/emacps_v3_6/src"
make -C ps7_cortexa9_0/libsrc/emacps_v3_6/src -s libs  "SHELL=CMD" "COMPILER=arm-none-eabi-gcc" "ARCHIVER=arm-none-eabi-ar" "COMPILER_FLAGS=  -O2 -c" "EXTRA_COMPILER_FLAGS=-mcpu=cortex-a9 -mfpu=vfpv3 -mfloat-abi=hard -nostartfiles -Wall -Wextra"
"Compiling emacps"
"Running Make libs in ps7_cortexa9_0/libsrc/scugic_v3_8/src"
make -C ps7_cortexa9_0/libsrc/scugic_v3_8/src -s libs  "SHELL=CMD" "COMPILER=arm-none-eabi-gcc" "ARCHIVER=arm-none-eabi-ar" "COMPILER_FLAGS=  -O2 -c" "EXTRA_COMPILER_FLAGS=-mcpu=cortex-a9 -mfpu=vfpv3 -mfloat-abi=hard -nostartfiles -Wall -Wextra"
"Compiling scugic"
"Running Make libs in ps7_cortexa9_0/libsrc/scutimer_v2_1/src"
make -C ps7_cortexa9_0/libsrc/scutimer_v2_1/src -s libs  "SHELL=CMD" "COMPILER=arm-none-eabi-gcc" "ARCHIVER=arm-none-eabi-ar" "COMPILER_FLAGS=  -O2 -c" "EXTRA_COMPILER_FLAGS=-mcpu=cortex-a9 -mfpu=vfpv3 -mfloat-abi=hard -nostartfiles -Wall -Wextra"
"Compiling scutimer"
"Running Make libs in ps7_cortexa9_0/libsrc/scuwdt_v2_1/src"
make -C ps7_cortexa9_0/libsrc/scuwdt_v2_1/src -s libs  "SHELL=CMD" "COMPILER=arm-none-eabi-gcc" "ARCHIVER=arm-none-eabi-ar" "COMPILER_FLAGS=  -O2 -c" "EXTRA_COMPILER_FLAGS=-mcpu=cortex-a9 -mfpu=vfpv3 -mfloat-abi=hard -nostartfiles -Wall -Wextra"
"Compiling scuwdt"
"Running Make libs in ps7_cortexa9_0/libsrc/standalone_v6_5/src"
make -C ps7_cortexa9_0/libsrc/standalone_v6_5/src -s libs  "SHELL=CMD" "COMPILER=arm-none-eabi-gcc" "ARCHIVER=arm-none-eabi-ar" "COMPILER_FLAGS=  -O2 -c" "EXTRA_COMPILER_FLAGS=-mcpu=cortex-a9 -mfpu=vfpv3 -mfloat-abi=hard -nostartfiles -Wall -Wextra"
"Compiling standalone"
"Running Make libs in ps7_cortexa9_0/libsrc/uartps_v3_5/src"
make -C ps7_cortexa9_0/libsrc/uartps_v3_5/src -s libs  "SHELL=CMD" "COMPILER=arm-none-eabi-gcc" "ARCHIVER=arm-none-eabi-ar" "COMPILER_FLAGS=  -O2 -c" "EXTRA_COMPILER_FLAGS=-mcpu=cortex-a9 -mfpu=vfpv3 -mfloat-abi=hard -nostartfiles -Wall -Wextra"
"Compiling uartps"
"Running Make libs in ps7_cortexa9_0/libsrc/xadcps_v2_2/src"
make -C ps7_cortexa9_0/libsrc/xadcps_v2_2/src -s libs  "SHELL=CMD" "COMPILER=arm-none-eabi-gcc" "ARCHIVER=arm-none-eabi-ar" "COMPILER_FLAGS=  -O2 -c" "EXTRA_COMPILER_FLAGS=-mcpu=cortex-a9 -mfpu=vfpv3 -mfloat-abi=hard -nostartfiles -Wall -Wextra"
"Compiling xadcps"
'Finished building libraries'
16:23:32 **** Auto Build of configuration Debug for project axis_sm ****
make pre-build main-build 
a9-linaro-pre-build-step
' '
'Building file: ../src/helloworld.c'
'Invoking: ARM v7 gcc compiler'
arm-none-eabi-gcc -Wall -O0 -g3 -c -fmessage-length=0 -MT"src/helloworld.o" -mcpu=cortex-a9 -mfpu=vfpv3 -mfloat-abi=hard -I../../axis_sm_bsp/ps7_cortexa9_0/include -MMD -MP -MF"src/helloworld.d" -MT"src/helloworld.o" -o "src/helloworld.o" "../src/helloworld.c"
../src/helloworld.c: In function 'main':
../src/helloworld.c:78:26: warning: passing argument 1 of 'Xil_DCacheFlushRange' makes integer from pointer without a cast [-Wint-conversion]
     Xil_DCacheFlushRange(&tdata,1*sizeof(u32));
                          ^
In file included from ../../axis_sm_bsp/ps7_cortexa9_0/include/xaxidma_bd.h:120:0,
                 from ../../axis_sm_bsp/ps7_cortexa9_0/include/xaxidma_bdring.h:86,
                 from ../../axis_sm_bsp/ps7_cortexa9_0/include/xaxidma.h:488,
                 from ../src/helloworld.c:51:
../../axis_sm_bsp/ps7_cortexa9_0/include/xil_cache.h:107:6: note: expected 'INTPTR {aka int}' but argument is of type 'u32 * {aka long unsigned int *}'
 void Xil_DCacheFlushRange(INTPTR adr, u32 len);
      ^~~~~~~~~~~~~~~~~~~~
../src/helloworld.c:79:26: warning: passing argument 1 of 'Xil_DCacheFlushRange' makes integer from pointer without a cast [-Wint-conversion]
     Xil_DCacheFlushRange(&rdata,1*sizeof(u32));
                          ^
In file included from ../../axis_sm_bsp/ps7_cortexa9_0/include/xaxidma_bd.h:120:0,
                 from ../../axis_sm_bsp/ps7_cortexa9_0/include/xaxidma_bdring.h:86,
                 from ../../axis_sm_bsp/ps7_cortexa9_0/include/xaxidma.h:488,
                 from ../src/helloworld.c:51:
../../axis_sm_bsp/ps7_cortexa9_0/include/xil_cache.h:107:6: note: expected 'INTPTR {aka int}' but argument is of type 'u32 * {aka long unsigned int *}'
 void Xil_DCacheFlushRange(INTPTR adr, u32 len);
      ^~~~~~~~~~~~~~~~~~~~
../src/helloworld.c:81:32: warning: passing argument 2 of 'XAxiDma_SimpleTransfer' makes integer from pointer without a cast [-Wint-conversion]
     XAxiDma_SimpleTransfer(&dI,&tdata, 1,XAXIDMA_DMA_TO_DEVICE);
                                ^
In file included from ../src/helloworld.c:51:0:
../../axis_sm_bsp/ps7_cortexa9_0/include/xaxidma.h:750:5: note: expected 'UINTPTR {aka unsigned int}' but argument is of type 'u32 * {aka long unsigned int *}'
 u32 XAxiDma_SimpleTransfer(XAxiDma *InstancePtr, UINTPTR BuffAddr, u32 Length,
     ^~~~~~~~~~~~~~~~~~~~~~
../src/helloworld.c:82:32: warning: passing argument 2 of 'XAxiDma_SimpleTransfer' makes integer from pointer without a cast [-Wint-conversion]
     XAxiDma_SimpleTransfer(&dI,&rdata, 1,XAXIDMA_DEVICE_TO_DMA);
                                ^
In file included from ../src/helloworld.c:51:0:
../../axis_sm_bsp/ps7_cortexa9_0/include/xaxidma.h:750:5: note: expected 'UINTPTR {aka unsigned int}' but argument is of type 'u32 * {aka long unsigned int *}'
 u32 XAxiDma_SimpleTransfer(XAxiDma *InstancePtr, UINTPTR BuffAddr, u32 Length,
     ^~~~~~~~~~~~~~~~~~~~~~
../src/helloworld.c:86:31: warning: passing argument 1 of 'Xil_DCacheInvalidateRange' makes integer from pointer without a cast [-Wint-conversion]
     Xil_DCacheInvalidateRange(&rdata,1*sizeof(u32));
                               ^
In file included from ../../axis_sm_bsp/ps7_cortexa9_0/include/xaxidma_bd.h:120:0,
                 from ../../axis_sm_bsp/ps7_cortexa9_0/include/xaxidma_bdring.h:86,
                 from ../../axis_sm_bsp/ps7_cortexa9_0/include/xaxidma.h:488,
                 from ../src/helloworld.c:51:
../../axis_sm_bsp/ps7_cortexa9_0/include/xil_cache.h:105:6: note: expected 'INTPTR {aka int}' but argument is of type 'u32 * {aka long unsigned int *}'
 void Xil_DCacheInvalidateRange(INTPTR adr, u32 len);
      ^~~~~~~~~~~~~~~~~~~~~~~~~
'Finished building: ../src/helloworld.c'
' '
'Building file: ../src/platform.c'
'Invoking: ARM v7 gcc compiler'
arm-none-eabi-gcc -Wall -O0 -g3 -c -fmessage-length=0 -MT"src/platform.o" -mcpu=cortex-a9 -mfpu=vfpv3 -mfloat-abi=hard -I../../axis_sm_bsp/ps7_cortexa9_0/include -MMD -MP -MF"src/platform.d" -MT"src/platform.o" -o "src/platform.o" "../src/platform.c"
'Finished building: ../src/platform.c'
' '
'Building target: axis_sm.elf'
'Invoking: ARM v7 gcc linker'
arm-none-eabi-gcc -mcpu=cortex-a9 -mfpu=vfpv3 -mfloat-abi=hard -Wl,-build-id=none -specs=Xilinx.spec -Wl,-T -Wl,../src/lscript.ld -L../../axis_sm_bsp/ps7_cortexa9_0/lib -o "axis_sm.elf"  ./src/helloworld.o ./src/platform.o   -Wl,--start-group,-lxil,-lgcc,-lc,--end-group
'Finished building target: axis_sm.elf'
' '
'Invoking: ARM v7 Print Size'
arm-none-eabi-size axis_sm.elf  |tee "axis_sm.elf.size"
   text	   data	    bss	    dec	    hex	filename
  34588	   2252	  24504	  61344	   efa0	axis_sm.elf
'Finished building: axis_sm.elf.size'
' '
16:23:51 **** Incremental Build of configuration Debug for project axis_sm ****
make pre-build main-build 
a9-linaro-pre-build-step
' '
make: Nothing to be done for `main-build'.
16:24:01 **** Incremental Build of configuration Debug for project axis_sm ****
make pre-build main-build 
a9-linaro-pre-build-step
' '
make: Nothing to be done for `main-build'.
16:24:20 **** Incremental Build of configuration Debug for project axis_sm ****
make pre-build main-build 
a9-linaro-pre-build-step
' '
make: Nothing to be done for `main-build'.
16:24:38 **** Auto Build of configuration Debug for project axis_sm ****
make pre-build main-build 
a9-linaro-pre-build-step
' '
'Building file: ../src/helloworld.c'
'Invoking: ARM v7 gcc compiler'
arm-none-eabi-gcc -Wall -O0 -g3 -c -fmessage-length=0 -MT"src/helloworld.o" -mcpu=cortex-a9 -mfpu=vfpv3 -mfloat-abi=hard -I../../axis_sm_bsp/ps7_cortexa9_0/include -MMD -MP -MF"src/helloworld.d" -MT"src/helloworld.o" -o "src/helloworld.o" "../src/helloworld.c"
../src/helloworld.c: In function 'main':
../src/helloworld.c:78:26: warning: passing argument 1 of 'Xil_DCacheFlushRange' makes integer from pointer without a cast [-Wint-conversion]
     Xil_DCacheFlushRange(&tdata,1*sizeof(u32));
                          ^
In file included from ../../axis_sm_bsp/ps7_cortexa9_0/include/xaxidma_bd.h:120:0,
                 from ../../axis_sm_bsp/ps7_cortexa9_0/include/xaxidma_bdring.h:86,
                 from ../../axis_sm_bsp/ps7_cortexa9_0/include/xaxidma.h:488,
                 from ../src/helloworld.c:51:
../../axis_sm_bsp/ps7_cortexa9_0/include/xil_cache.h:107:6: note: expected 'INTPTR {aka int}' but argument is of type 'u32 * {aka long unsigned int *}'
 void Xil_DCacheFlushRange(INTPTR adr, u32 len);
      ^~~~~~~~~~~~~~~~~~~~
../src/helloworld.c:79:26: warning: passing argument 1 of 'Xil_DCacheFlushRange' makes integer from pointer without a cast [-Wint-conversion]
     Xil_DCacheFlushRange(&rdata,1*sizeof(u32));
                          ^
In file included from ../../axis_sm_bsp/ps7_cortexa9_0/include/xaxidma_bd.h:120:0,
                 from ../../axis_sm_bsp/ps7_cortexa9_0/include/xaxidma_bdring.h:86,
                 from ../../axis_sm_bsp/ps7_cortexa9_0/include/xaxidma.h:488,
                 from ../src/helloworld.c:51:
../../axis_sm_bsp/ps7_cortexa9_0/include/xil_cache.h:107:6: note: expected 'INTPTR {aka int}' but argument is of type 'u32 * {aka long unsigned int *}'
 void Xil_DCacheFlushRange(INTPTR adr, u32 len);
      ^~~~~~~~~~~~~~~~~~~~
../src/helloworld.c:81:32: warning: passing argument 2 of 'XAxiDma_SimpleTransfer' makes integer from pointer without a cast [-Wint-conversion]
     XAxiDma_SimpleTransfer(&dI,&tdata, 1,XAXIDMA_DMA_TO_DEVICE);
                                ^
In file included from ../src/helloworld.c:51:0:
../../axis_sm_bsp/ps7_cortexa9_0/include/xaxidma.h:750:5: note: expected 'UINTPTR {aka unsigned int}' but argument is of type 'u32 * {aka long unsigned int *}'
 u32 XAxiDma_SimpleTransfer(XAxiDma *InstancePtr, UINTPTR BuffAddr, u32 Length,
     ^~~~~~~~~~~~~~~~~~~~~~
../src/helloworld.c:82:32: warning: passing argument 2 of 'XAxiDma_SimpleTransfer' makes integer from pointer without a cast [-Wint-conversion]
     XAxiDma_SimpleTransfer(&dI,&rdata, 1,XAXIDMA_DEVICE_TO_DMA);
                                ^
In file included from ../src/helloworld.c:51:0:
../../axis_sm_bsp/ps7_cortexa9_0/include/xaxidma.h:750:5: note: expected 'UINTPTR {aka unsigned int}' but argument is of type 'u32 * {aka long unsigned int *}'
 u32 XAxiDma_SimpleTransfer(XAxiDma *InstancePtr, UINTPTR BuffAddr, u32 Length,
     ^~~~~~~~~~~~~~~~~~~~~~
../src/helloworld.c:86:31: warning: passing argument 1 of 'Xil_DCacheInvalidateRange' makes integer from pointer without a cast [-Wint-conversion]
     Xil_DCacheInvalidateRange(&rdata,1*sizeof(u32));
                               ^
In file included from ../../axis_sm_bsp/ps7_cortexa9_0/include/xaxidma_bd.h:120:0,
                 from ../../axis_sm_bsp/ps7_cortexa9_0/include/xaxidma_bdring.h:86,
                 from ../../axis_sm_bsp/ps7_cortexa9_0/include/xaxidma.h:488,
                 from ../src/helloworld.c:51:
../../axis_sm_bsp/ps7_cortexa9_0/include/xil_cache.h:105:6: note: expected 'INTPTR {aka int}' but argument is of type 'u32 * {aka long unsigned int *}'
 void Xil_DCacheInvalidateRange(INTPTR adr, u32 len);
      ^~~~~~~~~~~~~~~~~~~~~~~~~
'Finished building: ../src/helloworld.c'
' '
'Building target: axis_sm.elf'
'Invoking: ARM v7 gcc linker'
arm-none-eabi-gcc -mcpu=cortex-a9 -mfpu=vfpv3 -mfloat-abi=hard -Wl,-build-id=none -specs=Xilinx.spec -Wl,-T -Wl,../src/lscript.ld -L../../axis_sm_bsp/ps7_cortexa9_0/lib -o "axis_sm.elf"  ./src/helloworld.o ./src/platform.o   -Wl,--start-group,-lxil,-lgcc,-lc,--end-group
'Finished building target: axis_sm.elf'
' '
'Invoking: ARM v7 Print Size'
arm-none-eabi-size axis_sm.elf  |tee "axis_sm.elf.size"
   text	   data	    bss	    dec	    hex	filename
  34588	   2252	  24504	  61344	   efa0	axis_sm.elf
'Finished building: axis_sm.elf.size'
' '
16:24:41 **** Incremental Build of configuration Debug for project axis_sm ****
make pre-build main-build 
a9-linaro-pre-build-step
' '
make: Nothing to be done for `main-build'.
16:24:50 **** Auto Build of configuration Debug for project axis_sm ****
make pre-build main-build 
a9-linaro-pre-build-step
' '
'Building file: ../src/helloworld.c'
'Invoking: ARM v7 gcc compiler'
arm-none-eabi-gcc -Wall -O0 -g3 -c -fmessage-length=0 -MT"src/helloworld.o" -mcpu=cortex-a9 -mfpu=vfpv3 -mfloat-abi=hard -I../../axis_sm_bsp/ps7_cortexa9_0/include -MMD -MP -MF"src/helloworld.d" -MT"src/helloworld.o" -o "src/helloworld.o" "../src/helloworld.c"
../src/helloworld.c: In function 'main':
../src/helloworld.c:78:26: warning: passing argument 1 of 'Xil_DCacheFlushRange' makes integer from pointer without a cast [-Wint-conversion]
     Xil_DCacheFlushRange(&tdata,1*sizeof(u32));
                          ^
In file included from ../../axis_sm_bsp/ps7_cortexa9_0/include/xaxidma_bd.h:120:0,
                 from ../../axis_sm_bsp/ps7_cortexa9_0/include/xaxidma_bdring.h:86,
                 from ../../axis_sm_bsp/ps7_cortexa9_0/include/xaxidma.h:488,
                 from ../src/helloworld.c:51:
../../axis_sm_bsp/ps7_cortexa9_0/include/xil_cache.h:107:6: note: expected 'INTPTR {aka int}' but argument is of type 'u32 * {aka long unsigned int *}'
 void Xil_DCacheFlushRange(INTPTR adr, u32 len);
      ^~~~~~~~~~~~~~~~~~~~
../src/helloworld.c:79:26: warning: passing argument 1 of 'Xil_DCacheFlushRange' makes integer from pointer without a cast [-Wint-conversion]
     Xil_DCacheFlushRange(&rdata,1*sizeof(u32));
                          ^
In file included from ../../axis_sm_bsp/ps7_cortexa9_0/include/xaxidma_bd.h:120:0,
                 from ../../axis_sm_bsp/ps7_cortexa9_0/include/xaxidma_bdring.h:86,
                 from ../../axis_sm_bsp/ps7_cortexa9_0/include/xaxidma.h:488,
                 from ../src/helloworld.c:51:
../../axis_sm_bsp/ps7_cortexa9_0/include/xil_cache.h:107:6: note: expected 'INTPTR {aka int}' but argument is of type 'u32 * {aka long unsigned int *}'
 void Xil_DCacheFlushRange(INTPTR adr, u32 len);
      ^~~~~~~~~~~~~~~~~~~~
../src/helloworld.c:81:32: warning: passing argument 2 of 'XAxiDma_SimpleTransfer' makes integer from pointer without a cast [-Wint-conversion]
     XAxiDma_SimpleTransfer(&dI,&tdata, 1,XAXIDMA_DMA_TO_DEVICE);
                                ^
In file included from ../src/helloworld.c:51:0:
../../axis_sm_bsp/ps7_cortexa9_0/include/xaxidma.h:750:5: note: expected 'UINTPTR {aka unsigned int}' but argument is of type 'u32 * {aka long unsigned int *}'
 u32 XAxiDma_SimpleTransfer(XAxiDma *InstancePtr, UINTPTR BuffAddr, u32 Length,
     ^~~~~~~~~~~~~~~~~~~~~~
../src/helloworld.c:82:32: warning: passing argument 2 of 'XAxiDma_SimpleTransfer' makes integer from pointer without a cast [-Wint-conversion]
     XAxiDma_SimpleTransfer(&dI,&rdata, 1,XAXIDMA_DEVICE_TO_DMA);
                                ^
In file included from ../src/helloworld.c:51:0:
../../axis_sm_bsp/ps7_cortexa9_0/include/xaxidma.h:750:5: note: expected 'UINTPTR {aka unsigned int}' but argument is of type 'u32 * {aka long unsigned int *}'
 u32 XAxiDma_SimpleTransfer(XAxiDma *InstancePtr, UINTPTR BuffAddr, u32 Length,
     ^~~~~~~~~~~~~~~~~~~~~~
../src/helloworld.c:86:31: warning: passing argument 1 of 'Xil_DCacheInvalidateRange' makes integer from pointer without a cast [-Wint-conversion]
     Xil_DCacheInvalidateRange(&rdata,1*sizeof(u32));
                               ^
In file included from ../../axis_sm_bsp/ps7_cortexa9_0/include/xaxidma_bd.h:120:0,
                 from ../../axis_sm_bsp/ps7_cortexa9_0/include/xaxidma_bdring.h:86,
                 from ../../axis_sm_bsp/ps7_cortexa9_0/include/xaxidma.h:488,
                 from ../src/helloworld.c:51:
../../axis_sm_bsp/ps7_cortexa9_0/include/xil_cache.h:105:6: note: expected 'INTPTR {aka int}' but argument is of type 'u32 * {aka long unsigned int *}'
 void Xil_DCacheInvalidateRange(INTPTR adr, u32 len);
      ^~~~~~~~~~~~~~~~~~~~~~~~~
'Finished building: ../src/helloworld.c'
' '
'Building target: axis_sm.elf'
'Invoking: ARM v7 gcc linker'
arm-none-eabi-gcc -mcpu=cortex-a9 -mfpu=vfpv3 -mfloat-abi=hard -Wl,-build-id=none -specs=Xilinx.spec -Wl,-T -Wl,../src/lscript.ld -L../../axis_sm_bsp/ps7_cortexa9_0/lib -o "axis_sm.elf"  ./src/helloworld.o ./src/platform.o   -Wl,--start-group,-lxil,-lgcc,-lc,--end-group
'Finished building target: axis_sm.elf'
' '
'Invoking: ARM v7 Print Size'
arm-none-eabi-size axis_sm.elf  |tee "axis_sm.elf.size"
   text	   data	    bss	    dec	    hex	filename
  34332	   2252	  24504	  61088	   eea0	axis_sm.elf
'Finished building: axis_sm.elf.size'
' '
16:24:53 **** Incremental Build of configuration Debug for project axis_sm ****
make pre-build main-build 
a9-linaro-pre-build-step
' '
make: Nothing to be done for `main-build'.
16:25:13 **** Auto Build of configuration Debug for project axis_sm ****
make pre-build main-build 
a9-linaro-pre-build-step
' '
'Building file: ../src/helloworld.c'
'Invoking: ARM v7 gcc compiler'
arm-none-eabi-gcc -Wall -O0 -g3 -c -fmessage-length=0 -MT"src/helloworld.o" -mcpu=cortex-a9 -mfpu=vfpv3 -mfloat-abi=hard -I../../axis_sm_bsp/ps7_cortexa9_0/include -MMD -MP -MF"src/helloworld.d" -MT"src/helloworld.o" -o "src/helloworld.o" "../src/helloworld.c"
../src/helloworld.c: In function 'main':
../src/helloworld.c:78:26: warning: passing argument 1 of 'Xil_DCacheFlushRange' makes integer from pointer without a cast [-Wint-conversion]
     Xil_DCacheFlushRange(&tdata,1*sizeof(u32));
                          ^
In file included from ../../axis_sm_bsp/ps7_cortexa9_0/include/xaxidma_bd.h:120:0,
                 from ../../axis_sm_bsp/ps7_cortexa9_0/include/xaxidma_bdring.h:86,
                 from ../../axis_sm_bsp/ps7_cortexa9_0/include/xaxidma.h:488,
                 from ../src/helloworld.c:51:
../../axis_sm_bsp/ps7_cortexa9_0/include/xil_cache.h:107:6: note: expected 'INTPTR {aka int}' but argument is of type 'u32 * {aka long unsigned int *}'
 void Xil_DCacheFlushRange(INTPTR adr, u32 len);
      ^~~~~~~~~~~~~~~~~~~~
../src/helloworld.c:79:26: warning: passing argument 1 of 'Xil_DCacheFlushRange' makes integer from pointer without a cast [-Wint-conversion]
     Xil_DCacheFlushRange(&rdata,1*sizeof(u32));
                          ^
In file included from ../../axis_sm_bsp/ps7_cortexa9_0/include/xaxidma_bd.h:120:0,
                 from ../../axis_sm_bsp/ps7_cortexa9_0/include/xaxidma_bdring.h:86,
                 from ../../axis_sm_bsp/ps7_cortexa9_0/include/xaxidma.h:488,
                 from ../src/helloworld.c:51:
../../axis_sm_bsp/ps7_cortexa9_0/include/xil_cache.h:107:6: note: expected 'INTPTR {aka int}' but argument is of type 'u32 * {aka long unsigned int *}'
 void Xil_DCacheFlushRange(INTPTR adr, u32 len);
      ^~~~~~~~~~~~~~~~~~~~
../src/helloworld.c:81:32: warning: passing argument 2 of 'XAxiDma_SimpleTransfer' makes integer from pointer without a cast [-Wint-conversion]
     XAxiDma_SimpleTransfer(&dI,&tdata, 1,XAXIDMA_DMA_TO_DEVICE);
                                ^
In file included from ../src/helloworld.c:51:0:
../../axis_sm_bsp/ps7_cortexa9_0/include/xaxidma.h:750:5: note: expected 'UINTPTR {aka unsigned int}' but argument is of type 'u32 * {aka long unsigned int *}'
 u32 XAxiDma_SimpleTransfer(XAxiDma *InstancePtr, UINTPTR BuffAddr, u32 Length,
     ^~~~~~~~~~~~~~~~~~~~~~
../src/helloworld.c:82:32: warning: passing argument 2 of 'XAxiDma_SimpleTransfer' makes integer from pointer without a cast [-Wint-conversion]
     XAxiDma_SimpleTransfer(&dI,&rdata, 1,XAXIDMA_DEVICE_TO_DMA);
                                ^
In file included from ../src/helloworld.c:51:0:
../../axis_sm_bsp/ps7_cortexa9_0/include/xaxidma.h:750:5: note: expected 'UINTPTR {aka unsigned int}' but argument is of type 'u32 * {aka long unsigned int *}'
 u32 XAxiDma_SimpleTransfer(XAxiDma *InstancePtr, UINTPTR BuffAddr, u32 Length,
     ^~~~~~~~~~~~~~~~~~~~~~
../src/helloworld.c:86:31: warning: passing argument 1 of 'Xil_DCacheInvalidateRange' makes integer from pointer without a cast [-Wint-conversion]
     Xil_DCacheInvalidateRange(&rdata,1*sizeof(u32));
                               ^
In file included from ../../axis_sm_bsp/ps7_cortexa9_0/include/xaxidma_bd.h:120:0,
                 from ../../axis_sm_bsp/ps7_cortexa9_0/include/xaxidma_bdring.h:86,
                 from ../../axis_sm_bsp/ps7_cortexa9_0/include/xaxidma.h:488,
                 from ../src/helloworld.c:51:
../../axis_sm_bsp/ps7_cortexa9_0/include/xil_cache.h:105:6: note: expected 'INTPTR {aka int}' but argument is of type 'u32 * {aka long unsigned int *}'
 void Xil_DCacheInvalidateRange(INTPTR adr, u32 len);
      ^~~~~~~~~~~~~~~~~~~~~~~~~
'Finished building: ../src/helloworld.c'
' '
'Building target: axis_sm.elf'
'Invoking: ARM v7 gcc linker'
arm-none-eabi-gcc -mcpu=cortex-a9 -mfpu=vfpv3 -mfloat-abi=hard -Wl,-build-id=none -specs=Xilinx.spec -Wl,-T -Wl,../src/lscript.ld -L../../axis_sm_bsp/ps7_cortexa9_0/lib -o "axis_sm.elf"  ./src/helloworld.o ./src/platform.o   -Wl,--start-group,-lxil,-lgcc,-lc,--end-group
'Finished building target: axis_sm.elf'
' '
'Invoking: ARM v7 Print Size'
arm-none-eabi-size axis_sm.elf  |tee "axis_sm.elf.size"
   text	   data	    bss	    dec	    hex	filename
  34588	   2252	  24504	  61344	   efa0	axis_sm.elf
'Finished building: axis_sm.elf.size'
' '
16:25:16 **** Incremental Build of configuration Debug for project axis_sm ****
make pre-build main-build 
a9-linaro-pre-build-step
' '
make: Nothing to be done for `main-build'.
16:25:36 **** Auto Build of configuration Debug for project axis_sm ****
make pre-build main-build 
a9-linaro-pre-build-step
' '
'Building file: ../src/helloworld.c'
'Invoking: ARM v7 gcc compiler'
arm-none-eabi-gcc -Wall -O0 -g3 -c -fmessage-length=0 -MT"src/helloworld.o" -mcpu=cortex-a9 -mfpu=vfpv3 -mfloat-abi=hard -I../../axis_sm_bsp/ps7_cortexa9_0/include -MMD -MP -MF"src/helloworld.d" -MT"src/helloworld.o" -o "src/helloworld.o" "../src/helloworld.c"
../src/helloworld.c: In function 'main':
../src/helloworld.c:78:26: warning: passing argument 1 of 'Xil_DCacheFlushRange' makes integer from pointer without a cast [-Wint-conversion]
     Xil_DCacheFlushRange(&tdata,1*sizeof(u32));
                          ^
In file included from ../../axis_sm_bsp/ps7_cortexa9_0/include/xaxidma_bd.h:120:0,
                 from ../../axis_sm_bsp/ps7_cortexa9_0/include/xaxidma_bdring.h:86,
                 from ../../axis_sm_bsp/ps7_cortexa9_0/include/xaxidma.h:488,
                 from ../src/helloworld.c:51:
../../axis_sm_bsp/ps7_cortexa9_0/include/xil_cache.h:107:6: note: expected 'INTPTR {aka int}' but argument is of type 'u32 * {aka long unsigned int *}'
 void Xil_DCacheFlushRange(INTPTR adr, u32 len);
      ^~~~~~~~~~~~~~~~~~~~
../src/helloworld.c:79:26: warning: passing argument 1 of 'Xil_DCacheFlushRange' makes integer from pointer without a cast [-Wint-conversion]
     Xil_DCacheFlushRange(&rdata,1*sizeof(u32));
                          ^
In file included from ../../axis_sm_bsp/ps7_cortexa9_0/include/xaxidma_bd.h:120:0,
                 from ../../axis_sm_bsp/ps7_cortexa9_0/include/xaxidma_bdring.h:86,
                 from ../../axis_sm_bsp/ps7_cortexa9_0/include/xaxidma.h:488,
                 from ../src/helloworld.c:51:
../../axis_sm_bsp/ps7_cortexa9_0/include/xil_cache.h:107:6: note: expected 'INTPTR {aka int}' but argument is of type 'u32 * {aka long unsigned int *}'
 void Xil_DCacheFlushRange(INTPTR adr, u32 len);
      ^~~~~~~~~~~~~~~~~~~~
../src/helloworld.c:81:32: warning: passing argument 2 of 'XAxiDma_SimpleTransfer' makes integer from pointer without a cast [-Wint-conversion]
     XAxiDma_SimpleTransfer(&dI,&rdata, 1,XAXIDMA_DEVICE_TO_DMA);
                                ^
In file included from ../src/helloworld.c:51:0:
../../axis_sm_bsp/ps7_cortexa9_0/include/xaxidma.h:750:5: note: expected 'UINTPTR {aka unsigned int}' but argument is of type 'u32 * {aka long unsigned int *}'
 u32 XAxiDma_SimpleTransfer(XAxiDma *InstancePtr, UINTPTR BuffAddr, u32 Length,
     ^~~~~~~~~~~~~~~~~~~~~~
../src/helloworld.c:82:32: warning: passing argument 2 of 'XAxiDma_SimpleTransfer' makes integer from pointer without a cast [-Wint-conversion]
     XAxiDma_SimpleTransfer(&dI,&tdata, 1,XAXIDMA_DMA_TO_DEVICE);
                                ^
In file included from ../src/helloworld.c:51:0:
../../axis_sm_bsp/ps7_cortexa9_0/include/xaxidma.h:750:5: note: expected 'UINTPTR {aka unsigned int}' but argument is of type 'u32 * {aka long unsigned int *}'
 u32 XAxiDma_SimpleTransfer(XAxiDma *InstancePtr, UINTPTR BuffAddr, u32 Length,
     ^~~~~~~~~~~~~~~~~~~~~~
../src/helloworld.c:87:31: warning: passing argument 1 of 'Xil_DCacheInvalidateRange' makes integer from pointer without a cast [-Wint-conversion]
     Xil_DCacheInvalidateRange(&rdata,1*sizeof(u32));
                               ^
In file included from ../../axis_sm_bsp/ps7_cortexa9_0/include/xaxidma_bd.h:120:0,
                 from ../../axis_sm_bsp/ps7_cortexa9_0/include/xaxidma_bdring.h:86,
                 from ../../axis_sm_bsp/ps7_cortexa9_0/include/xaxidma.h:488,
                 from ../src/helloworld.c:51:
../../axis_sm_bsp/ps7_cortexa9_0/include/xil_cache.h:105:6: note: expected 'INTPTR {aka int}' but argument is of type 'u32 * {aka long unsigned int *}'
 void Xil_DCacheInvalidateRange(INTPTR adr, u32 len);
      ^~~~~~~~~~~~~~~~~~~~~~~~~
'Finished building: ../src/helloworld.c'
' '
'Building target: axis_sm.elf'
'Invoking: ARM v7 gcc linker'
arm-none-eabi-gcc -mcpu=cortex-a9 -mfpu=vfpv3 -mfloat-abi=hard -Wl,-build-id=none -specs=Xilinx.spec -Wl,-T -Wl,../src/lscript.ld -L../../axis_sm_bsp/ps7_cortexa9_0/lib -o "axis_sm.elf"  ./src/helloworld.o ./src/platform.o   -Wl,--start-group,-lxil,-lgcc,-lc,--end-group
'Finished building target: axis_sm.elf'
' '
'Invoking: ARM v7 Print Size'
arm-none-eabi-size axis_sm.elf  |tee "axis_sm.elf.size"
   text	   data	    bss	    dec	    hex	filename
  34588	   2252	  24504	  61344	   efa0	axis_sm.elf
'Finished building: axis_sm.elf.size'
' '
16:25:44 **** Incremental Build of configuration Debug for project axis_sm ****
make pre-build main-build 
a9-linaro-pre-build-step
' '
make: Nothing to be done for `main-build'.
16:26:46 **** Auto Build of configuration Debug for project axis_sm ****
make pre-build main-build 
a9-linaro-pre-build-step
' '
'Building file: ../src/helloworld.c'
'Invoking: ARM v7 gcc compiler'
arm-none-eabi-gcc -Wall -O0 -g3 -c -fmessage-length=0 -MT"src/helloworld.o" -mcpu=cortex-a9 -mfpu=vfpv3 -mfloat-abi=hard -I../../axis_sm_bsp/ps7_cortexa9_0/include -MMD -MP -MF"src/helloworld.d" -MT"src/helloworld.o" -o "src/helloworld.o" "../src/helloworld.c"
../src/helloworld.c: In function 'main':
../src/helloworld.c:79:26: warning: passing argument 1 of 'Xil_DCacheFlushRange' makes integer from pointer without a cast [-Wint-conversion]
     Xil_DCacheFlushRange(&tdata,1*sizeof(u32));
                          ^
In file included from ../../axis_sm_bsp/ps7_cortexa9_0/include/xaxidma_bd.h:120:0,
                 from ../../axis_sm_bsp/ps7_cortexa9_0/include/xaxidma_bdring.h:86,
                 from ../../axis_sm_bsp/ps7_cortexa9_0/include/xaxidma.h:488,
                 from ../src/helloworld.c:51:
../../axis_sm_bsp/ps7_cortexa9_0/include/xil_cache.h:107:6: note: expected 'INTPTR {aka int}' but argument is of type 'u32 * {aka long unsigned int *}'
 void Xil_DCacheFlushRange(INTPTR adr, u32 len);
      ^~~~~~~~~~~~~~~~~~~~
../src/helloworld.c:80:26: warning: passing argument 1 of 'Xil_DCacheFlushRange' makes integer from pointer without a cast [-Wint-conversion]
     Xil_DCacheFlushRange(&rdata,1*sizeof(u32));
                          ^
In file included from ../../axis_sm_bsp/ps7_cortexa9_0/include/xaxidma_bd.h:120:0,
                 from ../../axis_sm_bsp/ps7_cortexa9_0/include/xaxidma_bdring.h:86,
                 from ../../axis_sm_bsp/ps7_cortexa9_0/include/xaxidma.h:488,
                 from ../src/helloworld.c:51:
../../axis_sm_bsp/ps7_cortexa9_0/include/xil_cache.h:107:6: note: expected 'INTPTR {aka int}' but argument is of type 'u32 * {aka long unsigned int *}'
 void Xil_DCacheFlushRange(INTPTR adr, u32 len);
      ^~~~~~~~~~~~~~~~~~~~
../src/helloworld.c:82:32: warning: passing argument 2 of 'XAxiDma_SimpleTransfer' makes integer from pointer without a cast [-Wint-conversion]
     XAxiDma_SimpleTransfer(&dI,&rdata, 1,XAXIDMA_DEVICE_TO_DMA);
                                ^
In file included from ../src/helloworld.c:51:0:
../../axis_sm_bsp/ps7_cortexa9_0/include/xaxidma.h:750:5: note: expected 'UINTPTR {aka unsigned int}' but argument is of type 'u32 * {aka long unsigned int *}'
 u32 XAxiDma_SimpleTransfer(XAxiDma *InstancePtr, UINTPTR BuffAddr, u32 Length,
     ^~~~~~~~~~~~~~~~~~~~~~
../src/helloworld.c:83:32: warning: passing argument 2 of 'XAxiDma_SimpleTransfer' makes integer from pointer without a cast [-Wint-conversion]
     XAxiDma_SimpleTransfer(&dI,&tdata, 1,XAXIDMA_DMA_TO_DEVICE);
                                ^
In file included from ../src/helloworld.c:51:0:
../../axis_sm_bsp/ps7_cortexa9_0/include/xaxidma.h:750:5: note: expected 'UINTPTR {aka unsigned int}' but argument is of type 'u32 * {aka long unsigned int *}'
 u32 XAxiDma_SimpleTransfer(XAxiDma *InstancePtr, UINTPTR BuffAddr, u32 Length,
     ^~~~~~~~~~~~~~~~~~~~~~
../src/helloworld.c:88:31: warning: passing argument 1 of 'Xil_DCacheInvalidateRange' makes integer from pointer without a cast [-Wint-conversion]
     Xil_DCacheInvalidateRange(&rdata,1*sizeof(u32));
                               ^
In file included from ../../axis_sm_bsp/ps7_cortexa9_0/include/xaxidma_bd.h:120:0,
                 from ../../axis_sm_bsp/ps7_cortexa9_0/include/xaxidma_bdring.h:86,
                 from ../../axis_sm_bsp/ps7_cortexa9_0/include/xaxidma.h:488,
                 from ../src/helloworld.c:51:
../../axis_sm_bsp/ps7_cortexa9_0/include/xil_cache.h:105:6: note: expected 'INTPTR {aka int}' but argument is of type 'u32 * {aka long unsigned int *}'
 void Xil_DCacheInvalidateRange(INTPTR adr, u32 len);
      ^~~~~~~~~~~~~~~~~~~~~~~~~
'Finished building: ../src/helloworld.c'
' '
'Building target: axis_sm.elf'
'Invoking: ARM v7 gcc linker'
arm-none-eabi-gcc -mcpu=cortex-a9 -mfpu=vfpv3 -mfloat-abi=hard -Wl,-build-id=none -specs=Xilinx.spec -Wl,-T -Wl,../src/lscript.ld -L../../axis_sm_bsp/ps7_cortexa9_0/lib -o "axis_sm.elf"  ./src/helloworld.o ./src/platform.o   -Wl,--start-group,-lxil,-lgcc,-lc,--end-group
'Finished building target: axis_sm.elf'
' '
'Invoking: ARM v7 Print Size'
arm-none-eabi-size axis_sm.elf  |tee "axis_sm.elf.size"
   text	   data	    bss	    dec	    hex	filename
  34588	   2252	  24504	  61344	   efa0	axis_sm.elf
'Finished building: axis_sm.elf.size'
' '
16:26:49 **** Incremental Build of configuration Debug for project axis_sm ****
make pre-build main-build 
a9-linaro-pre-build-step
' '
make: Nothing to be done for `main-build'.
16:38:51 **** Incremental Build of configuration Debug for project axis_sm ****
make pre-build main-build 
a9-linaro-pre-build-step
' '
make: Nothing to be done for `main-build'.
16:39:16 **** Incremental Build of configuration Debug for project axis_sm ****
make pre-build main-build 
a9-linaro-pre-build-step
' '
make: Nothing to be done for `main-build'.
16:39:30 **** Incremental Build of configuration Debug for project axis_sm ****
make pre-build main-build 
a9-linaro-pre-build-step
' '
make: Nothing to be done for `main-build'.
16:39:38 **** Incremental Build of configuration Debug for project axis_sm ****
make pre-build main-build 
a9-linaro-pre-build-step
' '
make: Nothing to be done for `main-build'.
16:39:39 **** Incremental Build of configuration Debug for project axis_sm ****
make pre-build main-build 
a9-linaro-pre-build-step
' '
make: Nothing to be done for `main-build'.
16:40:06 **** Incremental Build of configuration Debug for project axis_sm ****
make pre-build main-build 
a9-linaro-pre-build-step
' '
make: Nothing to be done for `main-build'.
16:40:25 **** Incremental Build of configuration Debug for project axis_sm ****
make pre-build main-build 
a9-linaro-pre-build-step
' '
make: Nothing to be done for `main-build'.
16:43:56 **** Build of project dmatest_bsp ****
make -k all 
"Running Make include in ps7_cortexa9_0/libsrc/axidma_v9_5/src"
make -C ps7_cortexa9_0/libsrc/axidma_v9_5/src -s include  "SHELL=CMD" "COMPILER=arm-none-eabi-gcc" "ARCHIVER=arm-none-eabi-ar" "COMPILER_FLAGS=  -O2 -c" "EXTRA_COMPILER_FLAGS=-mcpu=cortex-a9 -mfpu=vfpv3 -mfloat-abi=hard -nostartfiles -Wall -Wextra"
"Running Make include in ps7_cortexa9_0/libsrc/coresightps_dcc_v1_4/src"
make -C ps7_cortexa9_0/libsrc/coresightps_dcc_v1_4/src -s include  "SHELL=CMD" "COMPILER=arm-none-eabi-gcc" "ARCHIVER=arm-none-eabi-ar" "COMPILER_FLAGS=  -O2 -c" "EXTRA_COMPILER_FLAGS=-mcpu=cortex-a9 -mfpu=vfpv3 -mfloat-abi=hard -nostartfiles -Wall -Wextra"
"Running Make include in ps7_cortexa9_0/libsrc/cpu_cortexa9_v2_5/src"
make -C ps7_cortexa9_0/libsrc/cpu_cortexa9_v2_5/src -s include  "SHELL=CMD" "COMPILER=arm-none-eabi-gcc" "ARCHIVER=arm-none-eabi-ar" "COMPILER_FLAGS=  -O2 -c" "EXTRA_COMPILER_FLAGS=-mcpu=cortex-a9 -mfpu=vfpv3 -mfloat-abi=hard -nostartfiles -Wall -Wextra"
"Running Make include in ps7_cortexa9_0/libsrc/ddrps_v1_0/src"
make -C ps7_cortexa9_0/libsrc/ddrps_v1_0/src -s include  "SHELL=CMD" "COMPILER=arm-none-eabi-gcc" "ARCHIVER=arm-none-eabi-ar" "COMPILER_FLAGS=  -O2 -c" "EXTRA_COMPILER_FLAGS=-mcpu=cortex-a9 -mfpu=vfpv3 -mfloat-abi=hard -nostartfiles -Wall -Wextra"
"Running Make include in ps7_cortexa9_0/libsrc/devcfg_v3_5/src"
make -C ps7_cortexa9_0/libsrc/devcfg_v3_5/src -s include  "SHELL=CMD" "COMPILER=arm-none-eabi-gcc" "ARCHIVER=arm-none-eabi-ar" "COMPILER_FLAGS=  -O2 -c" "EXTRA_COMPILER_FLAGS=-mcpu=cortex-a9 -mfpu=vfpv3 -mfloat-abi=hard -nostartfiles -Wall -Wextra"
"Running Make include in ps7_cortexa9_0/libsrc/dmaps_v2_3/src"
make -C ps7_cortexa9_0/libsrc/dmaps_v2_3/src -s include  "SHELL=CMD" "COMPILER=arm-none-eabi-gcc" "ARCHIVER=arm-none-eabi-ar" "COMPILER_FLAGS=  -O2 -c" "EXTRA_COMPILER_FLAGS=-mcpu=cortex-a9 -mfpu=vfpv3 -mfloat-abi=hard -nostartfiles -Wall -Wextra"
"Running Make include in ps7_cortexa9_0/libsrc/emacps_v3_6/src"
make -C ps7_cortexa9_0/libsrc/emacps_v3_6/src -s include  "SHELL=CMD" "COMPILER=arm-none-eabi-gcc" "ARCHIVER=arm-none-eabi-ar" "COMPILER_FLAGS=  -O2 -c" "EXTRA_COMPILER_FLAGS=-mcpu=cortex-a9 -mfpu=vfpv3 -mfloat-abi=hard -nostartfiles -Wall -Wextra"
"Running Make include in ps7_cortexa9_0/libsrc/scugic_v3_8/src"
make -C ps7_cortexa9_0/libsrc/scugic_v3_8/src -s include  "SHELL=CMD" "COMPILER=arm-none-eabi-gcc" "ARCHIVER=arm-none-eabi-ar" "COMPILER_FLAGS=  -O2 -c" "EXTRA_COMPILER_FLAGS=-mcpu=cortex-a9 -mfpu=vfpv3 -mfloat-abi=hard -nostartfiles -Wall -Wextra"
"Running Make include in ps7_cortexa9_0/libsrc/scutimer_v2_1/src"
make -C ps7_cortexa9_0/libsrc/scutimer_v2_1/src -s include  "SHELL=CMD" "COMPILER=arm-none-eabi-gcc" "ARCHIVER=arm-none-eabi-ar" "COMPILER_FLAGS=  -O2 -c" "EXTRA_COMPILER_FLAGS=-mcpu=cortex-a9 -mfpu=vfpv3 -mfloat-abi=hard -nostartfiles -Wall -Wextra"
"Running Make include in ps7_cortexa9_0/libsrc/scuwdt_v2_1/src"
make -C ps7_cortexa9_0/libsrc/scuwdt_v2_1/src -s include  "SHELL=CMD" "COMPILER=arm-none-eabi-gcc" "ARCHIVER=arm-none-eabi-ar" "COMPILER_FLAGS=  -O2 -c" "EXTRA_COMPILER_FLAGS=-mcpu=cortex-a9 -mfpu=vfpv3 -mfloat-abi=hard -nostartfiles -Wall -Wextra"
"Running Make include in ps7_cortexa9_0/libsrc/standalone_v6_5/src"
make -C ps7_cortexa9_0/libsrc/standalone_v6_5/src -s include  "SHELL=CMD" "COMPILER=arm-none-eabi-gcc" "ARCHIVER=arm-none-eabi-ar" "COMPILER_FLAGS=  -O2 -c" "EXTRA_COMPILER_FLAGS=-mcpu=cortex-a9 -mfpu=vfpv3 -mfloat-abi=hard -nostartfiles -Wall -Wextra"
"Running Make include in ps7_cortexa9_0/libsrc/uartps_v3_5/src"
make -C ps7_cortexa9_0/libsrc/uartps_v3_5/src -s include  "SHELL=CMD" "COMPILER=arm-none-eabi-gcc" "ARCHIVER=arm-none-eabi-ar" "COMPILER_FLAGS=  -O2 -c" "EXTRA_COMPILER_FLAGS=-mcpu=cortex-a9 -mfpu=vfpv3 -mfloat-abi=hard -nostartfiles -Wall -Wextra"
"Running Make include in ps7_cortexa9_0/libsrc/xadcps_v2_2/src"
make -C ps7_cortexa9_0/libsrc/xadcps_v2_2/src -s include  "SHELL=CMD" "COMPILER=arm-none-eabi-gcc" "ARCHIVER=arm-none-eabi-ar" "COMPILER_FLAGS=  -O2 -c" "EXTRA_COMPILER_FLAGS=-mcpu=cortex-a9 -mfpu=vfpv3 -mfloat-abi=hard -nostartfiles -Wall -Wextra"
"Running Make libs in ps7_cortexa9_0/libsrc/axidma_v9_5/src"
make -C ps7_cortexa9_0/libsrc/axidma_v9_5/src -s libs  "SHELL=CMD" "COMPILER=arm-none-eabi-gcc" "ARCHIVER=arm-none-eabi-ar" "COMPILER_FLAGS=  -O2 -c" "EXTRA_COMPILER_FLAGS=-mcpu=cortex-a9 -mfpu=vfpv3 -mfloat-abi=hard -nostartfiles -Wall -Wextra"
"Compiling axidma"
arm-none-eabi-ar: creating ../../../lib/libxil.a
"Running Make libs in ps7_cortexa9_0/libsrc/coresightps_dcc_v1_4/src"
make -C ps7_cortexa9_0/libsrc/coresightps_dcc_v1_4/src -s libs  "SHELL=CMD" "COMPILER=arm-none-eabi-gcc" "ARCHIVER=arm-none-eabi-ar" "COMPILER_FLAGS=  -O2 -c" "EXTRA_COMPILER_FLAGS=-mcpu=cortex-a9 -mfpu=vfpv3 -mfloat-abi=hard -nostartfiles -Wall -Wextra"
"Compiling coresightps_dcc"
"Running Make libs in ps7_cortexa9_0/libsrc/cpu_cortexa9_v2_5/src"
make -C ps7_cortexa9_0/libsrc/cpu_cortexa9_v2_5/src -s libs  "SHELL=CMD" "COMPILER=arm-none-eabi-gcc" "ARCHIVER=arm-none-eabi-ar" "COMPILER_FLAGS=  -O2 -c" "EXTRA_COMPILER_FLAGS=-mcpu=cortex-a9 -mfpu=vfpv3 -mfloat-abi=hard -nostartfiles -Wall -Wextra"
"Compiling cpu_cortexa9"
"Running Make libs in ps7_cortexa9_0/libsrc/ddrps_v1_0/src"
make -C ps7_cortexa9_0/libsrc/ddrps_v1_0/src -s libs  "SHELL=CMD" "COMPILER=arm-none-eabi-gcc" "ARCHIVER=arm-none-eabi-ar" "COMPILER_FLAGS=  -O2 -c" "EXTRA_COMPILER_FLAGS=-mcpu=cortex-a9 -mfpu=vfpv3 -mfloat-abi=hard -nostartfiles -Wall -Wextra"
"Compiling ddrps"
"Running Make libs in ps7_cortexa9_0/libsrc/devcfg_v3_5/src"
make -C ps7_cortexa9_0/libsrc/devcfg_v3_5/src -s libs  "SHELL=CMD" "COMPILER=arm-none-eabi-gcc" "ARCHIVER=arm-none-eabi-ar" "COMPILER_FLAGS=  -O2 -c" "EXTRA_COMPILER_FLAGS=-mcpu=cortex-a9 -mfpu=vfpv3 -mfloat-abi=hard -nostartfiles -Wall -Wextra"
"Compiling devcfg"
"Running Make libs in ps7_cortexa9_0/libsrc/dmaps_v2_3/src"
make -C ps7_cortexa9_0/libsrc/dmaps_v2_3/src -s libs  "SHELL=CMD" "COMPILER=arm-none-eabi-gcc" "ARCHIVER=arm-none-eabi-ar" "COMPILER_FLAGS=  -O2 -c" "EXTRA_COMPILER_FLAGS=-mcpu=cortex-a9 -mfpu=vfpv3 -mfloat-abi=hard -nostartfiles -Wall -Wextra"
"Compiling dmaps"
"Running Make libs in ps7_cortexa9_0/libsrc/emacps_v3_6/src"
make -C ps7_cortexa9_0/libsrc/emacps_v3_6/src -s libs  "SHELL=CMD" "COMPILER=arm-none-eabi-gcc" "ARCHIVER=arm-none-eabi-ar" "COMPILER_FLAGS=  -O2 -c" "EXTRA_COMPILER_FLAGS=-mcpu=cortex-a9 -mfpu=vfpv3 -mfloat-abi=hard -nostartfiles -Wall -Wextra"
"Compiling emacps"
"Running Make libs in ps7_cortexa9_0/libsrc/scugic_v3_8/src"
make -C ps7_cortexa9_0/libsrc/scugic_v3_8/src -s libs  "SHELL=CMD" "COMPILER=arm-none-eabi-gcc" "ARCHIVER=arm-none-eabi-ar" "COMPILER_FLAGS=  -O2 -c" "EXTRA_COMPILER_FLAGS=-mcpu=cortex-a9 -mfpu=vfpv3 -mfloat-abi=hard -nostartfiles -Wall -Wextra"
"Compiling scugic"
"Running Make libs in ps7_cortexa9_0/libsrc/scutimer_v2_1/src"
make -C ps7_cortexa9_0/libsrc/scutimer_v2_1/src -s libs  "SHELL=CMD" "COMPILER=arm-none-eabi-gcc" "ARCHIVER=arm-none-eabi-ar" "COMPILER_FLAGS=  -O2 -c" "EXTRA_COMPILER_FLAGS=-mcpu=cortex-a9 -mfpu=vfpv3 -mfloat-abi=hard -nostartfiles -Wall -Wextra"
"Compiling scutimer"
"Running Make libs in ps7_cortexa9_0/libsrc/scuwdt_v2_1/src"
make -C ps7_cortexa9_0/libsrc/scuwdt_v2_1/src -s libs  "SHELL=CMD" "COMPILER=arm-none-eabi-gcc" "ARCHIVER=arm-none-eabi-ar" "COMPILER_FLAGS=  -O2 -c" "EXTRA_COMPILER_FLAGS=-mcpu=cortex-a9 -mfpu=vfpv3 -mfloat-abi=hard -nostartfiles -Wall -Wextra"
"Compiling scuwdt"
"Running Make libs in ps7_cortexa9_0/libsrc/standalone_v6_5/src"
make -C ps7_cortexa9_0/libsrc/standalone_v6_5/src -s libs  "SHELL=CMD" "COMPILER=arm-none-eabi-gcc" "ARCHIVER=arm-none-eabi-ar" "COMPILER_FLAGS=  -O2 -c" "EXTRA_COMPILER_FLAGS=-mcpu=cortex-a9 -mfpu=vfpv3 -mfloat-abi=hard -nostartfiles -Wall -Wextra"
"Compiling standalone"
"Running Make libs in ps7_cortexa9_0/libsrc/uartps_v3_5/src"
make -C ps7_cortexa9_0/libsrc/uartps_v3_5/src -s libs  "SHELL=CMD" "COMPILER=arm-none-eabi-gcc" "ARCHIVER=arm-none-eabi-ar" "COMPILER_FLAGS=  -O2 -c" "EXTRA_COMPILER_FLAGS=-mcpu=cortex-a9 -mfpu=vfpv3 -mfloat-abi=hard -nostartfiles -Wall -Wextra"
"Compiling uartps"
"Running Make libs in ps7_cortexa9_0/libsrc/xadcps_v2_2/src"
make -C ps7_cortexa9_0/libsrc/xadcps_v2_2/src -s libs  "SHELL=CMD" "COMPILER=arm-none-eabi-gcc" "ARCHIVER=arm-none-eabi-ar" "COMPILER_FLAGS=  -O2 -c" "EXTRA_COMPILER_FLAGS=-mcpu=cortex-a9 -mfpu=vfpv3 -mfloat-abi=hard -nostartfiles -Wall -Wextra"
"Compiling xadcps"
'Finished building libraries'
16:44:09 **** Build of configuration Debug for project dmatest ****
make pre-build main-build 
a9-linaro-pre-build-step
' '
'Building file: ../src/helloworld.c'
'Invoking: ARM v7 gcc compiler'
arm-none-eabi-gcc -Wall -O0 -g3 -c -fmessage-length=0 -MT"src/helloworld.o" -mcpu=cortex-a9 -mfpu=vfpv3 -mfloat-abi=hard -I../../dmatest_bsp/ps7_cortexa9_0/include -MMD -MP -MF"src/helloworld.d" -MT"src/helloworld.o" -o "src/helloworld.o" "../src/helloworld.c"
../src/helloworld.c: In function 'main':
../src/helloworld.c:73:26: warning: passing argument 1 of 'Xil_DCacheFlushRange' makes integer from pointer without a cast [-Wint-conversion]
     Xil_DCacheFlushRange(&a,1*sizeof(u32));
                          ^
In file included from ../../dmatest_bsp/ps7_cortexa9_0/include/xaxidma_bd.h:120:0,
                 from ../../dmatest_bsp/ps7_cortexa9_0/include/xaxidma_bdring.h:86,
                 from ../../dmatest_bsp/ps7_cortexa9_0/include/xaxidma.h:488,
                 from ../src/helloworld.c:52:
../../dmatest_bsp/ps7_cortexa9_0/include/xil_cache.h:107:6: note: expected 'INTPTR {aka int}' but argument is of type 'u32 * {aka long unsigned int *}'
 void Xil_DCacheFlushRange(INTPTR adr, u32 len);
      ^~~~~~~~~~~~~~~~~~~~
../src/helloworld.c:74:26: warning: passing argument 1 of 'Xil_DCacheFlushRange' makes integer from pointer without a cast [-Wint-conversion]
     Xil_DCacheFlushRange(&b,1*sizeof(u32));
                          ^
In file included from ../../dmatest_bsp/ps7_cortexa9_0/include/xaxidma_bd.h:120:0,
                 from ../../dmatest_bsp/ps7_cortexa9_0/include/xaxidma_bdring.h:86,
                 from ../../dmatest_bsp/ps7_cortexa9_0/include/xaxidma.h:488,
                 from ../src/helloworld.c:52:
../../dmatest_bsp/ps7_cortexa9_0/include/xil_cache.h:107:6: note: expected 'INTPTR {aka int}' but argument is of type 'u32 * {aka long unsigned int *}'
 void Xil_DCacheFlushRange(INTPTR adr, u32 len);
      ^~~~~~~~~~~~~~~~~~~~
../src/helloworld.c:75:33: warning: passing argument 2 of 'XAxiDma_SimpleTransfer' makes integer from pointer without a cast [-Wint-conversion]
     XAxiDma_SimpleTransfer(&dI, &a, 1*sizeof(u32),XAXIDMA_DMA_TO_DEVICE);
                                 ^
In file included from ../src/helloworld.c:52:0:
../../dmatest_bsp/ps7_cortexa9_0/include/xaxidma.h:750:5: note: expected 'UINTPTR {aka unsigned int}' but argument is of type 'u32 * {aka long unsigned int *}'
 u32 XAxiDma_SimpleTransfer(XAxiDma *InstancePtr, UINTPTR BuffAddr, u32 Length,
     ^~~~~~~~~~~~~~~~~~~~~~
../src/helloworld.c:76:33: warning: passing argument 2 of 'XAxiDma_SimpleTransfer' makes integer from pointer without a cast [-Wint-conversion]
     XAxiDma_SimpleTransfer(&dI, &b, 1*sizeof(u32),XAXIDMA_DEVICE_TO_DMA);
                                 ^
In file included from ../src/helloworld.c:52:0:
../../dmatest_bsp/ps7_cortexa9_0/include/xaxidma.h:750:5: note: expected 'UINTPTR {aka unsigned int}' but argument is of type 'u32 * {aka long unsigned int *}'
 u32 XAxiDma_SimpleTransfer(XAxiDma *InstancePtr, UINTPTR BuffAddr, u32 Length,
     ^~~~~~~~~~~~~~~~~~~~~~
../src/helloworld.c:79:31: warning: passing argument 1 of 'Xil_DCacheInvalidateRange' makes integer from pointer without a cast [-Wint-conversion]
     Xil_DCacheInvalidateRange(&b, 1*sizeof(u32));
                               ^
In file included from ../../dmatest_bsp/ps7_cortexa9_0/include/xaxidma_bd.h:120:0,
                 from ../../dmatest_bsp/ps7_cortexa9_0/include/xaxidma_bdring.h:86,
                 from ../../dmatest_bsp/ps7_cortexa9_0/include/xaxidma.h:488,
                 from ../src/helloworld.c:52:
../../dmatest_bsp/ps7_cortexa9_0/include/xil_cache.h:105:6: note: expected 'INTPTR {aka int}' but argument is of type 'u32 * {aka long unsigned int *}'
 void Xil_DCacheInvalidateRange(INTPTR adr, u32 len);
      ^~~~~~~~~~~~~~~~~~~~~~~~~
../src/helloworld.c:64:6: warning: unused variable 'i' [-Wunused-variable]
  int i = 0;
      ^
'Finished building: ../src/helloworld.c'
' '
'Building file: ../src/platform.c'
'Invoking: ARM v7 gcc compiler'
arm-none-eabi-gcc -Wall -O0 -g3 -c -fmessage-length=0 -MT"src/platform.o" -mcpu=cortex-a9 -mfpu=vfpv3 -mfloat-abi=hard -I../../dmatest_bsp/ps7_cortexa9_0/include -MMD -MP -MF"src/platform.d" -MT"src/platform.o" -o "src/platform.o" "../src/platform.c"
'Finished building: ../src/platform.c'
' '
'Building target: dmatest.elf'
'Invoking: ARM v7 gcc linker'
arm-none-eabi-gcc -mcpu=cortex-a9 -mfpu=vfpv3 -mfloat-abi=hard -Wl,-build-id=none -specs=Xilinx.spec -Wl,-T -Wl,../src/lscript.ld -L../../dmatest_bsp/ps7_cortexa9_0/lib -o "dmatest.elf"  ./src/helloworld.o ./src/platform.o   -Wl,--start-group,-lxil,-lgcc,-lc,--end-group
'Finished building target: dmatest.elf'
' '
'Invoking: ARM v7 Print Size'
arm-none-eabi-size dmatest.elf  |tee "dmatest.elf.size"
   text	   data	    bss	    dec	    hex	filename
  34440	   2252	  24504	  61196	   ef0c	dmatest.elf
'Finished building: dmatest.elf.size'
' '
16:47:08 **** Incremental Build of configuration Debug for project dmatest ****
make pre-build main-build 
a9-linaro-pre-build-step
' '
make: Nothing to be done for `main-build'.
16:47:18 **** Incremental Build of configuration Debug for project dmatest ****
make pre-build main-build 
a9-linaro-pre-build-step
' '
make: Nothing to be done for `main-build'.
